Archive member included to satisfy reference by file (symbol)

c:/progra~2/armgnu~1/1142da~1.3re/bin/../lib/gcc/arm-none-eabi/11.3.1/thumb/v6-m/nofp\libgcc.a(_dvmd_tls.o)
                              CMakeFiles/blink.dir/C_/Users/Utente/RPiPicoW/pico-sdk/src/rp2_common/pico_divider/divider.S.obj (__aeabi_idiv0)
c:/progra~2/armgnu~1/1142da~1.3re/bin/../lib/gcc/arm-none-eabi/11.3.1/thumb/v6-m/nofp\libc.a(libc_a-atoi.o)
                              CMakeFiles/blink.dir/C_/Users/Utente/RPiPicoW/pico-sdk/lib/lwip/src/core/netif.c.obj (atoi)
c:/progra~2/armgnu~1/1142da~1.3re/bin/../lib/gcc/arm-none-eabi/11.3.1/thumb/v6-m/nofp\libc.a(libc_a-calloc.o)
                              CMakeFiles/blink.dir/C_/Users/Utente/RPiPicoW/pico-sdk/src/rp2_common/pico_malloc/pico_malloc.c.obj (calloc)
c:/progra~2/armgnu~1/1142da~1.3re/bin/../lib/gcc/arm-none-eabi/11.3.1/thumb/v6-m/nofp\libc.a(libc_a-callocr.o)
                              c:/progra~2/armgnu~1/1142da~1.3re/bin/../lib/gcc/arm-none-eabi/11.3.1/thumb/v6-m/nofp\libc.a(libc_a-calloc.o) (_calloc_r)
c:/progra~2/armgnu~1/1142da~1.3re/bin/../lib/gcc/arm-none-eabi/11.3.1/thumb/v6-m/nofp\libc.a(libc_a-malloc.o)
                              CMakeFiles/blink.dir/C_/Users/Utente/RPiPicoW/pico-sdk/src/rp2_common/pico_malloc/pico_malloc.c.obj (malloc)
c:/progra~2/armgnu~1/1142da~1.3re/bin/../lib/gcc/arm-none-eabi/11.3.1/thumb/v6-m/nofp\libc.a(libc_a-mallocr.o)
                              c:/progra~2/armgnu~1/1142da~1.3re/bin/../lib/gcc/arm-none-eabi/11.3.1/thumb/v6-m/nofp\libc.a(libc_a-callocr.o) (_malloc_r)
c:/progra~2/armgnu~1/1142da~1.3re/bin/../lib/gcc/arm-none-eabi/11.3.1/thumb/v6-m/nofp\libc.a(libc_a-mlock.o)
                              c:/progra~2/armgnu~1/1142da~1.3re/bin/../lib/gcc/arm-none-eabi/11.3.1/thumb/v6-m/nofp\libc.a(libc_a-mallocr.o) (__malloc_lock)
c:/progra~2/armgnu~1/1142da~1.3re/bin/../lib/gcc/arm-none-eabi/11.3.1/thumb/v6-m/nofp\libc.a(libc_a-realloc.o)
                              CMakeFiles/blink.dir/C_/Users/Utente/RPiPicoW/pico-sdk/src/rp2_common/pico_malloc/pico_malloc.c.obj (realloc)
c:/progra~2/armgnu~1/1142da~1.3re/bin/../lib/gcc/arm-none-eabi/11.3.1/thumb/v6-m/nofp\libc.a(libc_a-reallocr.o)
                              c:/progra~2/armgnu~1/1142da~1.3re/bin/../lib/gcc/arm-none-eabi/11.3.1/thumb/v6-m/nofp\libc.a(libc_a-realloc.o) (_realloc_r)
c:/progra~2/armgnu~1/1142da~1.3re/bin/../lib/gcc/arm-none-eabi/11.3.1/thumb/v6-m/nofp\libc.a(libc_a-strtol.o)
                              c:/progra~2/armgnu~1/1142da~1.3re/bin/../lib/gcc/arm-none-eabi/11.3.1/thumb/v6-m/nofp\libc.a(libc_a-atoi.o) (_strtol_r)
c:/progra~2/armgnu~1/1142da~1.3re/bin/../lib/gcc/arm-none-eabi/11.3.1/thumb/v6-m/nofp\libc.a(libc_a-ctype_.o)
                              CMakeFiles/blink.dir/C_/Users/Utente/RPiPicoW/pico-sdk/lib/lwip/src/core/dns.c.obj (_ctype_)
c:/progra~2/armgnu~1/1142da~1.3re/bin/../lib/gcc/arm-none-eabi/11.3.1/thumb/v6-m/nofp\libc.a(libc_a-memcmp.o)
                              CMakeFiles/blink.dir/C_/Users/Utente/RPiPicoW/pico-sdk/lib/lwip/src/netif/ethernet.c.obj (memcmp)
c:/progra~2/armgnu~1/1142da~1.3re/bin/../lib/gcc/arm-none-eabi/11.3.1/thumb/v6-m/nofp\libc.a(libc_a-memmove.o)
                              CMakeFiles/blink.dir/C_/Users/Utente/RPiPicoW/pico-sdk/lib/cyw43-driver/src/cyw43_ll.c.obj (memmove)
c:/progra~2/armgnu~1/1142da~1.3re/bin/../lib/gcc/arm-none-eabi/11.3.1/thumb/v6-m/nofp\libc.a(libc_a-strncmp.o)
                              CMakeFiles/blink.dir/C_/Users/Utente/RPiPicoW/pico-sdk/lib/cyw43-driver/src/cyw43_ll.c.obj (strncmp)
c:/progra~2/armgnu~1/1142da~1.3re/bin/../lib/gcc/arm-none-eabi/11.3.1/thumb/v6-m/nofp\libc.a(libc_a-impure.o)
                              c:/progra~2/armgnu~1/1142da~1.3re/bin/../lib/gcc/arm-none-eabi/11.3.1/thumb/v6-m/nofp\libc.a(libc_a-calloc.o) (_impure_ptr)
c:/progra~2/armgnu~1/1142da~1.3re/bin/../lib/gcc/arm-none-eabi/11.3.1/thumb/v6-m/nofp\libc.a(libc_a-sbrkr.o)
                              c:/progra~2/armgnu~1/1142da~1.3re/bin/../lib/gcc/arm-none-eabi/11.3.1/thumb/v6-m/nofp\libc.a(libc_a-mallocr.o) (_sbrk_r)
c:/progra~2/armgnu~1/1142da~1.3re/bin/../lib/gcc/arm-none-eabi/11.3.1/thumb/v6-m/nofp\libc.a(libc_a-errno.o)
                              c:/progra~2/armgnu~1/1142da~1.3re/bin/../lib/gcc/arm-none-eabi/11.3.1/thumb/v6-m/nofp\libc.a(libc_a-callocr.o) (__errno)
c:/progra~2/armgnu~1/1142da~1.3re/bin/../lib/gcc/arm-none-eabi/11.3.1/thumb/v6-m/nofp\libc.a(libc_a-init.o)
                              c:/progra~2/armgnu~1/1142da~1.3re/bin/../lib/gcc/arm-none-eabi/11.3.1/thumb/v6-m/nofp/crt0.o (__libc_init_array)
c:/progra~2/armgnu~1/1142da~1.3re/bin/../lib/gcc/arm-none-eabi/11.3.1/thumb/v6-m/nofp\libc.a(libc_a-lock.o)
                              c:/progra~2/armgnu~1/1142da~1.3re/bin/../lib/gcc/arm-none-eabi/11.3.1/thumb/v6-m/nofp\libc.a(libc_a-mlock.o) (__retarget_lock_acquire_recursive)
[...]
Memory Configuration

Name             Origin             Length             Attributes
FLASH            0x10000000         0x00200000         xr
RAM              0x20000000         0x00040000         xrw
SCRATCH_X        0x20040000         0x00001000         xrw
SCRATCH_Y        0x20041000         0x00001000         xrw
*default*        0x00000000         0xffffffff

Linker script and memory map

LOAD c:/progra~2/armgnu~1/1142da~1.3re/bin/../lib/gcc/arm-none-eabi/11.3.1/thumb/v6-m/nofp/crti.o
LOAD c:/progra~2/armgnu~1/1142da~1.3re/bin/../lib/gcc/arm-none-eabi/11.3.1/thumb/v6-m/nofp/crtbegin.o
LOAD c:/progra~2/armgnu~1/1142da~1.3re/bin/../lib/gcc/arm-none-eabi/11.3.1/thumb/v6-m/nofp/crt0.o

.flash_begin    0x10000000        0x0
                0x10000000                __flash_binary_start = .

.boot2          0x10000000      0x100
                0x10000000                __boot2_start__ = .
 *(.boot2)
 .boot2         0x10000000      0x100 C:\Users\Utente\AppData\Local\Temp\ccy7DDyc.o
                0x10000100                __boot2_end__ = .
                0x00000001                ASSERT (((__boot2_end__ - __boot2_start__) == 0x100), ERROR: Pico second stage bootloader must be 256 bytes in size)

.text           0x10000100     0x9870
                0x10000100                __logical_binary_start = .
 *(.vectors)
 .vectors       0x10000100       0xd4 CMakeFiles/blink.dir/C_/Users/Utente/RPiPicoW/pico-sdk/src/rp2_common/pico_standard_link/crt0.S.obj
                0x10000100                __VECTOR_TABLE
                0x10000100                __vectors
                0x100001c0                isr_invalid
                0x100001c0                __default_isrs_start
                0x100001c2                isr_nmi
                0x100001c4                isr_hardfault
                0x100001c6                isr_svcall
                0x100001c8                isr_pendsv
                0x100001ca                isr_systick
                0x100001cc                isr_irq23
                0x100001cc                isr_irq18
                0x100001cc                isr_irq11
                0x100001cc                isr_irq28
                0x100001cc                isr_irq19
                0x100001cc                isr_irq0
                0x100001cc                isr_irq6
                0x100001cc                isr_irq5
                0x100001cc                isr_irq12
                0x100001cc                isr_irq22
                0x100001cc                isr_irq31
                0x100001cc                isr_irq17
                0x100001cc                isr_irq27
                0x100001cc                isr_irq30
                0x100001cc                isr_irq2
                0x100001cc                isr_irq10
                0x100001cc                isr_irq8
                0x100001cc                isr_irq24
                0x100001cc                isr_irq1
                0x100001cc                isr_irq7
                0x100001cc                isr_irq21
                0x100001cc                isr_irq20
                0x100001cc                isr_irq15
                0x100001cc                isr_irq25
                0x100001cc                isr_irq13
                0x100001cc                __unhandled_user_irq
                0x100001cc                isr_irq4
                0x100001cc                isr_irq16
                0x100001cc                isr_irq29
                0x100001cc                isr_irq26
                0x100001cc                __default_isrs_end
                0x100001cc                isr_irq3
                0x100001cc                isr_irq14
                0x100001cc                isr_irq9
                0x100001d2                unhandled_user_irq_num_in_r0
 *(.binary_info_header)
 .binary_info_header
                0x100001d4       0x14 CMakeFiles/blink.dir/C_/Users/Utente/RPiPicoW/pico-sdk/src/rp2_common/pico_standard_link/crt0.S.obj
                0x100001e8                __binary_info_header_end = .
 *(.reset)
 .reset         0x100001e8       0xa8 CMakeFiles/blink.dir/C_/Users/Utente/RPiPicoW/pico-sdk/src/rp2_common/pico_standard_link/crt0.S.obj
                0x100001e8                _entry_point
                0x10000266                __get_current_exception
 .reset         0x10000290       0x30 CMakeFiles/blink.dir/C_/Users/Utente/RPiPicoW/pico-sdk/src/rp2_common/pico_standard_link/binary_info.c.obj
 *(.init)
 .init          0x100002c0        0x4 c:/progra~2/armgnu~1/1142da~1.3re/bin/../lib/gcc/arm-none-eabi/11.3.1/thumb/v6-m/nofp/crti.o
                0x100002c0                _init
 *(EXCLUDE_FILE(*libm.a: *libc.a:*lib_a-mem*.o *libgcc.a:) .text*)
 .text.register_tm_clones
                0x100002c4       0x28 c:/progra~2/armgnu~1/1142da~1.3re/bin/../lib/gcc/arm-none-eabi/11.3.1/thumb/v6-m/nofp/crtbegin.o
 .text.frame_dummy
                0x100002ec       0x24 c:/progra~2/armgnu~1/1142da~1.3re/bin/../lib/gcc/arm-none-eabi/11.3.1/thumb/v6-m/nofp/crtbegin.o
 .text.startup.main
                0x10000310       0x28 CMakeFiles/blink.dir/blink.c.obj
                0x10000310                main
 .text.cyw43_hal_generate_laa_mac
                0x10000338       0x28 CMakeFiles/blink.dir/C_/Users/Utente/RPiPicoW/pico-sdk/src/rp2_common/pico_cyw43_arch/cyw43_arch.c.obj
                0x10000338                cyw43_hal_generate_laa_mac
 .text.cyw43_arch_gpio_put
                0x10000360       0x14 CMakeFiles/blink.dir/C_/Users/Utente/RPiPicoW/pico-sdk/src/rp2_common/pico_cyw43_arch/cyw43_arch.c.obj
                0x10000360                cyw43_arch_gpio_put
 .text.cyw43_await_background_or_timeout_us
                0x10000374       0x1c CMakeFiles/blink.dir/C_/Users/Utente/RPiPicoW/pico-sdk/src/rp2_common/pico_cyw43_arch/cyw43_arch_threadsafe_background.c.obj
                0x10000374                cyw43_await_background_or_timeout_us
 .text.cyw43_post_poll_hook
                0x10000390       0x10 CMakeFiles/blink.dir/C_/Users/Utente/RPiPicoW/pico-sdk/src/rp2_common/pico_cyw43_arch/cyw43_arch_threadsafe_background.c.obj
                0x10000390                cyw43_post_poll_hook
 .text.cyw43_schedule_internal_poll_dispatch
                0x100003a0       0x4c CMakeFiles/blink.dir/C_/Users/Utente/RPiPicoW/pico-sdk/src/rp2_common/pico_cyw43_arch/cyw43_arch_threadsafe_background.c.obj
                0x100003a0                cyw43_schedule_internal_poll_dispatch
 .text.cyw43_thread_enter
                0x100003ec       0x10 CMakeFiles/blink.dir/C_/Users/Utente/RPiPicoW/pico-sdk/src/rp2_common/pico_cyw43_arch/cyw43_arch_threadsafe_background.c.obj
                0x100003ec                cyw43_thread_enter
 .text.cyw43_thread_exit
                0x100003fc       0x6c CMakeFiles/blink.dir/C_/Users/Utente/RPiPicoW/pico-sdk/src/rp2_common/pico_cyw43_arch/cyw43_arch_threadsafe_background.c.obj
                0x100003fc                cyw43_thread_exit
 .text.cyw43_delay_ms
                0x10000468       0x50 CMakeFiles/blink.dir/C_/Users/Utente/RPiPicoW/pico-sdk/src/rp2_common/pico_cyw43_arch/cyw43_arch_threadsafe_background.c.obj
                0x10000468                cyw43_delay_ms
 .text.startup._retrieve_unique_id_on_boot
                0x100004b8       0x10 CMakeFiles/blink.dir/C_/Users/Utente/RPiPicoW/pico-sdk/src/rp2_common/pico_unique_id/unique_id.c.obj
 .text.pico_get_unique_board_id
                0x100004c8       0x10 CMakeFiles/blink.dir/C_/Users/Utente/RPiPicoW/pico-sdk/src/rp2_common/pico_unique_id/unique_id.c.obj
                0x100004c8                pico_get_unique_board_id
 .text.flash_get_unique_id
                0x100004d8       0x40 CMakeFiles/blink.dir/C_/Users/Utente/RPiPicoW/pico-sdk/src/rp2_common/hardware_flash/flash.c.obj
                0x100004d8                flash_get_unique_id
 .text.hw_claim_lock
                0x10000518       0x18 CMakeFiles/blink.dir/C_/Users/Utente/RPiPicoW/pico-sdk/src/rp2_common/hardware_claim/claim.c.obj
                0x10000518                hw_claim_lock
 .text.hw_claim_unlock
                0x10000530       0x14 CMakeFiles/blink.dir/C_/Users/Utente/RPiPicoW/pico-sdk/src/rp2_common/hardware_claim/claim.c.obj
                0x10000530                hw_claim_unlock
 .text.hw_claim_or_assert
                0x10000544       0x44 CMakeFiles/blink.dir/C_/Users/Utente/RPiPicoW/pico-sdk/src/rp2_common/hardware_claim/claim.c.obj
                0x10000544                hw_claim_or_assert
 .text.hw_claim_unused_from_range
                0x10000588       0x9c CMakeFiles/blink.dir/C_/Users/Utente/RPiPicoW/pico-sdk/src/rp2_common/hardware_claim/claim.c.obj
                0x10000588                hw_claim_unused_from_range
 .text.hw_claim_clear
                0x10000624       0x38 CMakeFiles/blink.dir/C_/Users/Utente/RPiPicoW/pico-sdk/src/rp2_common/hardware_claim/claim.c.obj
                0x10000624                hw_claim_clear
 .text.running_on_fpga
                0x1000065c       0x10 CMakeFiles/blink.dir/C_/Users/Utente/RPiPicoW/pico-sdk/src/rp2_common/pico_platform/platform.c.obj
                0x1000065c                running_on_fpga
 .text.spin_locks_reset
                0x1000066c       0x1c CMakeFiles/blink.dir/C_/Users/Utente/RPiPicoW/pico-sdk/src/rp2_common/hardware_sync/sync.c.obj
                0x1000066c                spin_locks_reset
 .text.next_striped_spin_lock_num
                0x10000688       0x18 CMakeFiles/blink.dir/C_/Users/Utente/RPiPicoW/pico-sdk/src/rp2_common/hardware_sync/sync.c.obj
                0x10000688                next_striped_spin_lock_num
 .text.rom_func_lookup
                0x100006a0       0x10 CMakeFiles/blink.dir/C_/Users/Utente/RPiPicoW/pico-sdk/src/rp2_common/pico_bootrom/bootrom.c.obj
                0x100006a0                rom_func_lookup
 .text.rom_data_lookup
                0x100006b0       0x10 CMakeFiles/blink.dir/C_/Users/Utente/RPiPicoW/pico-sdk/src/rp2_common/pico_bootrom/bootrom.c.obj
                0x100006b0                rom_data_lookup
 .text.rom_funcs_lookup
                0x100006c0       0x44 CMakeFiles/blink.dir/C_/Users/Utente/RPiPicoW/pico-sdk/src/rp2_common/pico_bootrom/bootrom.c.obj
                0x100006c0                rom_funcs_lookup
 .text.ns_delay.constprop.0
                0x10000704       0x20 CMakeFiles/blink.dir/C_/Users/Utente/RPiPicoW/pico-sdk/src/rp2_common/cyw43_driver/cyw43_bus_pio_spi.c.obj
 .text.cyw43_spi_init
                0x10000724      0x1bc CMakeFiles/blink.dir/C_/Users/Utente/RPiPicoW/pico-sdk/src/rp2_common/cyw43_driver/cyw43_bus_pio_spi.c.obj
                0x10000724                cyw43_spi_init
 .text.cyw43_spi_transfer
                0x100008e0      0x3b8 CMakeFiles/blink.dir/C_/Users/Utente/RPiPicoW/pico-sdk/src/rp2_common/cyw43_driver/cyw43_bus_pio_spi.c.obj
                0x100008e0                cyw43_spi_transfer
 .text.cyw43_spi_gpio_setup
                0x10000c98       0x3c CMakeFiles/blink.dir/C_/Users/Utente/RPiPicoW/pico-sdk/src/rp2_common/cyw43_driver/cyw43_bus_pio_spi.c.obj
                0x10000c98                cyw43_spi_gpio_setup
 .text.cyw43_spi_reset
                0x10000cd4       0x28 CMakeFiles/blink.dir/C_/Users/Utente/RPiPicoW/pico-sdk/src/rp2_common/cyw43_driver/cyw43_bus_pio_spi.c.obj
                0x10000cd4                cyw43_spi_reset
 .text.read_reg_u32_swap
                0x10000cfc       0x3c CMakeFiles/blink.dir/C_/Users/Utente/RPiPicoW/pico-sdk/src/rp2_common/cyw43_driver/cyw43_bus_pio_spi.c.obj
                0x10000cfc                read_reg_u32_swap
 .text.cyw43_read_reg_u32
                0x10000d38       0x6c CMakeFiles/blink.dir/C_/Users/Utente/RPiPicoW/pico-sdk/src/rp2_common/cyw43_driver/cyw43_bus_pio_spi.c.obj
                0x10000d38                cyw43_read_reg_u32
 .text.cyw43_read_reg_u16
                0x10000da4       0x6c CMakeFiles/blink.dir/C_/Users/Utente/RPiPicoW/pico-sdk/src/rp2_common/cyw43_driver/cyw43_bus_pio_spi.c.obj
                0x10000da4                cyw43_read_reg_u16
 .text.cyw43_read_reg_u8
                0x10000e10       0x6c CMakeFiles/blink.dir/C_/Users/Utente/RPiPicoW/pico-sdk/src/rp2_common/cyw43_driver/cyw43_bus_pio_spi.c.obj
                0x10000e10                cyw43_read_reg_u8
 .text.write_reg_u32_swap
                0x10000e7c      0x1c4 CMakeFiles/blink.dir/C_/Users/Utente/RPiPicoW/pico-sdk/src/rp2_common/cyw43_driver/cyw43_bus_pio_spi.c.obj
                0x10000e7c                write_reg_u32_swap
 .text.cyw43_write_reg_u32
                0x10001040      0x1e8 CMakeFiles/blink.dir/C_/Users/Utente/RPiPicoW/pico-sdk/src/rp2_common/cyw43_driver/cyw43_bus_pio_spi.c.obj
                0x10001040                cyw43_write_reg_u32
 .text.cyw43_write_reg_u16
                0x10001228      0x1e8 CMakeFiles/blink.dir/C_/Users/Utente/RPiPicoW/pico-sdk/src/rp2_common/cyw43_driver/cyw43_bus_pio_spi.c.obj
                0x10001228                cyw43_write_reg_u16
 .text.cyw43_write_reg_u8
                0x10001410      0x1e8 CMakeFiles/blink.dir/C_/Users/Utente/RPiPicoW/pico-sdk/src/rp2_common/cyw43_driver/cyw43_bus_pio_spi.c.obj
                0x10001410                cyw43_write_reg_u8
 .text.cyw43_read_bytes
                0x100015f8       0x7c CMakeFiles/blink.dir/C_/Users/Utente/RPiPicoW/pico-sdk/src/rp2_common/cyw43_driver/cyw43_bus_pio_spi.c.obj
                0x100015f8                cyw43_read_bytes
 .text.cyw43_write_bytes
                0x10001674       0xd8 CMakeFiles/blink.dir/C_/Users/Utente/RPiPicoW/pico-sdk/src/rp2_common/cyw43_driver/cyw43_bus_pio_spi.c.obj
                0x10001674                cyw43_write_bytes
 .text.cyw43_set_backplane_window
                0x1000174c       0x64 CMakeFiles/blink.dir/C_/Users/Utente/RPiPicoW/pico-sdk/lib/cyw43-driver/src/cyw43_ll.c.obj
 .text.cyw43_ll_parse_async_event
                0x100017b0      0x134 CMakeFiles/blink.dir/C_/Users/Utente/RPiPicoW/pico-sdk/lib/cyw43-driver/src/cyw43_ll.c.obj
 .text.cyw43_kso_set
                0x100018e4       0xa0 CMakeFiles/blink.dir/C_/Users/Utente/RPiPicoW/pico-sdk/lib/cyw43-driver/src/cyw43_ll.c.obj
 .text.cyw43_ll_sdpcm_poll_device
                0x10001984      0x244 CMakeFiles/blink.dir/C_/Users/Utente/RPiPicoW/pico-sdk/lib/cyw43-driver/src/cyw43_ll.c.obj
 .text.cyw43_sdpcm_send_common
                0x10001bc8       0xec CMakeFiles/blink.dir/C_/Users/Utente/RPiPicoW/pico-sdk/lib/cyw43-driver/src/cyw43_ll.c.obj
 .text.cyw43_do_ioctl
                0x10001cb4      0x110 CMakeFiles/blink.dir/C_/Users/Utente/RPiPicoW/pico-sdk/lib/cyw43-driver/src/cyw43_ll.c.obj
 .text.cyw43_do_ioctl.constprop.0
                0x10001dc4      0x108 CMakeFiles/blink.dir/C_/Users/Utente/RPiPicoW/pico-sdk/lib/cyw43-driver/src/cyw43_ll.c.obj
 .text.reset_device_core.constprop.0
                0x10001ecc      0x3f4 CMakeFiles/blink.dir/C_/Users/Utente/RPiPicoW/pico-sdk/lib/cyw43-driver/src/cyw43_ll.c.obj
 .text.cyw43_ll_process_packets
                0x100022c0       0x68 CMakeFiles/blink.dir/C_/Users/Utente/RPiPicoW/pico-sdk/lib/cyw43-driver/src/cyw43_ll.c.obj
                0x100022c0                cyw43_ll_process_packets
 .text.cyw43_ll_ioctl
                0x10002328       0x20 CMakeFiles/blink.dir/C_/Users/Utente/RPiPicoW/pico-sdk/lib/cyw43-driver/src/cyw43_ll.c.obj
                0x10002328                cyw43_ll_ioctl
 .text.cyw43_ll_bus_sleep
                0x10002348       0x34 CMakeFiles/blink.dir/C_/Users/Utente/RPiPicoW/pico-sdk/lib/cyw43-driver/src/cyw43_ll.c.obj
                0x10002348                cyw43_ll_bus_sleep
 .text.cyw43_ll_bus_init
                0x1000237c      0xc60 CMakeFiles/blink.dir/C_/Users/Utente/RPiPicoW/pico-sdk/lib/cyw43-driver/src/cyw43_ll.c.obj
                0x1000237c                cyw43_ll_bus_init
 .text.cyw43_ll_wifi_get_mac
                0x10002fdc       0x44 CMakeFiles/blink.dir/C_/Users/Utente/RPiPicoW/pico-sdk/lib/cyw43-driver/src/cyw43_ll.c.obj
                0x10002fdc                cyw43_ll_wifi_get_mac
 .text.cyw43_ll_wifi_set_wpa_auth
                0x10003020       0x2c CMakeFiles/blink.dir/C_/Users/Utente/RPiPicoW/pico-sdk/lib/cyw43-driver/src/cyw43_ll.c.obj
                0x10003020                cyw43_ll_wifi_set_wpa_auth
 .text.cyw43_ll_wifi_rejoin
                0x1000304c       0x1c CMakeFiles/blink.dir/C_/Users/Utente/RPiPicoW/pico-sdk/lib/cyw43-driver/src/cyw43_ll.c.obj
                0x1000304c                cyw43_ll_wifi_rejoin
 .text.cyw43_ll_gpio_set
                0x10003068       0x6c CMakeFiles/blink.dir/C_/Users/Utente/RPiPicoW/pico-sdk/lib/cyw43-driver/src/cyw43_ll.c.obj
                0x10003068                cyw43_ll_gpio_set
 .text.cyw43_ll_has_work
                0x100030d4       0x14 CMakeFiles/blink.dir/C_/Users/Utente/RPiPicoW/pico-sdk/lib/cyw43-driver/src/cyw43_ll.c.obj
                0x100030d4                cyw43_ll_has_work
 .text.cyw43_cb_tcpip_deinit
                0x100030e8       0x4c CMakeFiles/blink.dir/C_/Users/Utente/RPiPicoW/pico-sdk/lib/cyw43-driver/src/cyw43_lwip.c.obj
                0x100030e8                cyw43_cb_tcpip_deinit
 .text.cyw43_cb_process_ethernet
                0x10003134       0x6c CMakeFiles/blink.dir/C_/Users/Utente/RPiPicoW/pico-sdk/lib/cyw43-driver/src/cyw43_lwip.c.obj
                0x10003134                cyw43_cb_process_ethernet
 .text.cyw43_cb_tcpip_set_link_up
                0x100031a0       0x18 CMakeFiles/blink.dir/C_/Users/Utente/RPiPicoW/pico-sdk/lib/cyw43-driver/src/cyw43_lwip.c.obj
                0x100031a0                cyw43_cb_tcpip_set_link_up
 .text.cyw43_cb_tcpip_set_link_down
                0x100031b8       0x18 CMakeFiles/blink.dir/C_/Users/Utente/RPiPicoW/pico-sdk/lib/cyw43-driver/src/cyw43_lwip.c.obj
                0x100031b8                cyw43_cb_tcpip_set_link_down
 .text.cyw43_poll_func
                0x100031d0       0xbc CMakeFiles/blink.dir/C_/Users/Utente/RPiPicoW/pico-sdk/lib/cyw43-driver/src/cyw43_ctrl.c.obj
 .text.cyw43_cb_read_host_interrupt_pin
                0x1000328c        0xc CMakeFiles/blink.dir/C_/Users/Utente/RPiPicoW/pico-sdk/lib/cyw43-driver/src/cyw43_ctrl.c.obj
                0x1000328c                cyw43_cb_read_host_interrupt_pin
 .text.cyw43_cb_ensure_awake
                0x10003298        0xc CMakeFiles/blink.dir/C_/Users/Utente/RPiPicoW/pico-sdk/lib/cyw43-driver/src/cyw43_ctrl.c.obj
                0x10003298                cyw43_cb_ensure_awake
 .text.cyw43_cb_process_async_event
                0x100032a4      0x22c CMakeFiles/blink.dir/C_/Users/Utente/RPiPicoW/pico-sdk/lib/cyw43-driver/src/cyw43_ctrl.c.obj
                0x100032a4                cyw43_cb_process_async_event
 .text.cyw43_gpio_set
                0x100034d0       0xa4 CMakeFiles/blink.dir/C_/Users/Utente/RPiPicoW/pico-sdk/lib/cyw43-driver/src/cyw43_ctrl.c.obj
                0x100034d0                cyw43_gpio_set
 .text.gpio_set_function
                0x10003574       0x30 CMakeFiles/blink.dir/C_/Users/Utente/RPiPicoW/pico-sdk/src/rp2_common/hardware_gpio/gpio.c.obj
                0x10003574                gpio_set_function
 .text.gpio_set_pulls
                0x100035a4       0x24 CMakeFiles/blink.dir/C_/Users/Utente/RPiPicoW/pico-sdk/src/rp2_common/hardware_gpio/gpio.c.obj
                0x100035a4                gpio_set_pulls
 .text.gpio_set_input_hysteresis_enabled
                0x100035c8       0x28 CMakeFiles/blink.dir/C_/Users/Utente/RPiPicoW/pico-sdk/src/rp2_common/hardware_gpio/gpio.c.obj
                0x100035c8                gpio_set_input_hysteresis_enabled
 .text.gpio_set_irq_enabled
                0x100035f0       0x54 CMakeFiles/blink.dir/C_/Users/Utente/RPiPicoW/pico-sdk/src/rp2_common/hardware_gpio/gpio.c.obj
                0x100035f0                gpio_set_irq_enabled
 .text.gpio_init
                0x10003644       0x3c CMakeFiles/blink.dir/C_/Users/Utente/RPiPicoW/pico-sdk/src/rp2_common/hardware_gpio/gpio.c.obj
                0x10003644                gpio_init
 .text.irq_set_enabled
                0x10003680       0x24 CMakeFiles/blink.dir/C_/Users/Utente/RPiPicoW/pico-sdk/src/rp2_common/hardware_irq/irq.c.obj
                0x10003680                irq_set_enabled
 .text.irq_set_pending
                0x100036a4       0x10 CMakeFiles/blink.dir/C_/Users/Utente/RPiPicoW/pico-sdk/src/rp2_common/hardware_irq/irq.c.obj
                0x100036a4                irq_set_pending
 .text.irq_get_vtable_handler
                0x100036b4       0x10 CMakeFiles/blink.dir/C_/Users/Utente/RPiPicoW/pico-sdk/src/rp2_common/hardware_irq/irq.c.obj
                0x100036b4                irq_get_vtable_handler
 .text.irq_set_exclusive_handler
                0x100036c4       0x54 CMakeFiles/blink.dir/C_/Users/Utente/RPiPicoW/pico-sdk/src/rp2_common/hardware_irq/irq.c.obj
                0x100036c4                irq_set_exclusive_handler
 .text.irq_remove_handler
                0x10003718      0x1b4 CMakeFiles/blink.dir/C_/Users/Utente/RPiPicoW/pico-sdk/src/rp2_common/hardware_irq/irq.c.obj
                0x10003718                irq_remove_handler
 .text.irq_add_tail_to_free_list
                0x100038cc       0xb4 CMakeFiles/blink.dir/C_/Users/Utente/RPiPicoW/pico-sdk/src/rp2_common/hardware_irq/irq.c.obj
                0x100038cc                irq_add_tail_to_free_list
 .text.irq_init_priorities
                0x10003980       0x24 CMakeFiles/blink.dir/C_/Users/Utente/RPiPicoW/pico-sdk/src/rp2_common/hardware_irq/irq.c.obj
                0x10003980                irq_init_priorities
 .text.lock_init
                0x100039a4       0x10 CMakeFiles/blink.dir/C_/Users/Utente/RPiPicoW/pico-sdk/src/common/pico_sync/lock_core.c.obj
                0x100039a4                lock_init
 .text.timer_pool_entry_comparator
                0x100039b4       0x34 CMakeFiles/blink.dir/C_/Users/Utente/RPiPicoW/pico-sdk/src/common/pico_time/time.c.obj
                0x100039b4                timer_pool_entry_comparator
 .text.sleep_until_callback
                0x100039e8       0x30 CMakeFiles/blink.dir/C_/Users/Utente/RPiPicoW/pico-sdk/src/common/pico_time/time.c.obj
 .text.add_alarm_under_lock.isra.0
                0x10003a18      0x104 CMakeFiles/blink.dir/C_/Users/Utente/RPiPicoW/pico-sdk/src/common/pico_time/time.c.obj
 .text.alarm_pool_alarm_callback
                0x10003b1c      0x1c8 CMakeFiles/blink.dir/C_/Users/Utente/RPiPicoW/pico-sdk/src/common/pico_time/time.c.obj
 .text.alarm_pool_add_alarm_at.constprop.0
                0x10003ce4      0x11c CMakeFiles/blink.dir/C_/Users/Utente/RPiPicoW/pico-sdk/src/common/pico_time/time.c.obj
 .text.alarm_pool_init_default
                0x10003e00       0x64 CMakeFiles/blink.dir/C_/Users/Utente/RPiPicoW/pico-sdk/src/common/pico_time/time.c.obj
                0x10003e00                alarm_pool_init_default
 .text.sleep_until
                0x10003e64       0xac CMakeFiles/blink.dir/C_/Users/Utente/RPiPicoW/pico-sdk/src/common/pico_time/time.c.obj
                0x10003e64                sleep_until
 .text.sleep_ms
                0x10003f10       0x38 CMakeFiles/blink.dir/C_/Users/Utente/RPiPicoW/pico-sdk/src/common/pico_time/time.c.obj
                0x10003f10                sleep_ms
 .text.best_effort_wfe_or_timeout
                0x10003f48       0xc0 CMakeFiles/blink.dir/C_/Users/Utente/RPiPicoW/pico-sdk/src/common/pico_time/time.c.obj
                0x10003f48                best_effort_wfe_or_timeout
 .text.hardware_alarm_irq_handler
                0x10004008       0xb8 CMakeFiles/blink.dir/C_/Users/Utente/RPiPicoW/pico-sdk/src/rp2_common/hardware_timer/timer.c.obj
 .text.hardware_alarm_claim
                0x100040c0       0x18 CMakeFiles/blink.dir/C_/Users/Utente/RPiPicoW/pico-sdk/src/rp2_common/hardware_timer/timer.c.obj
                0x100040c0                hardware_alarm_claim
 .text.time_us_64
                0x100040d8       0x14 CMakeFiles/blink.dir/C_/Users/Utente/RPiPicoW/pico-sdk/src/rp2_common/hardware_timer/timer.c.obj
                0x100040d8                time_us_64
 .text.busy_wait_until
                0x100040ec       0x20 CMakeFiles/blink.dir/C_/Users/Utente/RPiPicoW/pico-sdk/src/rp2_common/hardware_timer/timer.c.obj
                0x100040ec                busy_wait_until
 .text.hardware_alarm_set_callback
                0x1000410c       0x8c CMakeFiles/blink.dir/C_/Users/Utente/RPiPicoW/pico-sdk/src/rp2_common/hardware_timer/timer.c.obj
                0x1000410c                hardware_alarm_set_callback
 .text.hardware_alarm_set_target
                0x10004198       0xe0 CMakeFiles/blink.dir/C_/Users/Utente/RPiPicoW/pico-sdk/src/rp2_common/hardware_timer/timer.c.obj
                0x10004198                hardware_alarm_set_target
 .text.hardware_alarm_cancel
                0x10004278       0x3c CMakeFiles/blink.dir/C_/Users/Utente/RPiPicoW/pico-sdk/src/rp2_common/hardware_timer/timer.c.obj
                0x10004278                hardware_alarm_cancel
 .text.ph_merge_nodes
                0x100042b4       0x68 CMakeFiles/blink.dir/C_/Users/Utente/RPiPicoW/pico-sdk/src/common/pico_util/pheap.c.obj
 .text.ph_post_alloc_init
                0x1000431c       0x3c CMakeFiles/blink.dir/C_/Users/Utente/RPiPicoW/pico-sdk/src/common/pico_util/pheap.c.obj
                0x1000431c                ph_post_alloc_init
 .text.ph_merge_two_pass
                0x10004358       0x9c CMakeFiles/blink.dir/C_/Users/Utente/RPiPicoW/pico-sdk/src/common/pico_util/pheap.c.obj
                0x10004358                ph_merge_two_pass
 .text.ph_remove_any_head
                0x100043f4       0xf8 CMakeFiles/blink.dir/C_/Users/Utente/RPiPicoW/pico-sdk/src/common/pico_util/pheap.c.obj
 .text.ph_remove_head
                0x100044ec       0xfc CMakeFiles/blink.dir/C_/Users/Utente/RPiPicoW/pico-sdk/src/common/pico_util/pheap.c.obj
                0x100044ec                ph_remove_head
 .text.ph_remove_and_free_node
                0x100045e8       0x7c CMakeFiles/blink.dir/C_/Users/Utente/RPiPicoW/pico-sdk/src/common/pico_util/pheap.c.obj
                0x100045e8                ph_remove_and_free_node
 .text.mutex_init
                0x10004664       0x1c CMakeFiles/blink.dir/C_/Users/Utente/RPiPicoW/pico-sdk/src/common/pico_sync/mutex.c.obj
                0x10004664                mutex_init
 .text.recursive_mutex_init
                0x10004680       0x1c CMakeFiles/blink.dir/C_/Users/Utente/RPiPicoW/pico-sdk/src/common/pico_sync/mutex.c.obj
                0x10004680                recursive_mutex_init
 .text.uart_init
                0x1000469c       0xe0 CMakeFiles/blink.dir/C_/Users/Utente/RPiPicoW/pico-sdk/src/rp2_common/hardware_uart/uart.c.obj
                0x1000469c                uart_init
 .text.runtime_init
                0x1000477c       0xf0 CMakeFiles/blink.dir/C_/Users/Utente/RPiPicoW/pico-sdk/src/rp2_common/pico_runtime/runtime.c.obj
                0x1000477c                runtime_init
 .text.exit     0x1000486c        0x4 CMakeFiles/blink.dir/C_/Users/Utente/RPiPicoW/pico-sdk/src/rp2_common/pico_runtime/runtime.c.obj
                0x1000486c                exit
 .text.panic    0x10004870       0x30 CMakeFiles/blink.dir/C_/Users/Utente/RPiPicoW/pico-sdk/src/rp2_common/pico_runtime/runtime.c.obj
                0x10004870                panic
 .text.hard_assertion_failure
                0x100048a0        0xc CMakeFiles/blink.dir/C_/Users/Utente/RPiPicoW/pico-sdk/src/rp2_common/pico_runtime/runtime.c.obj
                0x100048a0                hard_assertion_failure
 .text.clocks_init
                0x100048ac      0x2b0 CMakeFiles/blink.dir/C_/Users/Utente/RPiPicoW/pico-sdk/src/rp2_common/hardware_clocks/clocks.c.obj
                0x100048ac                clocks_init
 .text.clock_get_hz
                0x10004b5c        0xc CMakeFiles/blink.dir/C_/Users/Utente/RPiPicoW/pico-sdk/src/rp2_common/hardware_clocks/clocks.c.obj
                0x10004b5c                clock_get_hz
 .text.pll_init
                0x10004b68       0xa8 CMakeFiles/blink.dir/C_/Users/Utente/RPiPicoW/pico-sdk/src/rp2_common/hardware_pll/pll.c.obj
                0x10004b68                pll_init
 .text.watchdog_start_tick
                0x10004c10       0x10 CMakeFiles/blink.dir/C_/Users/Utente/RPiPicoW/pico-sdk/src/rp2_common/hardware_watchdog/watchdog.c.obj
                0x10004c10                watchdog_start_tick
 .text.xosc_init
                0x10004c20       0x28 CMakeFiles/blink.dir/C_/Users/Utente/RPiPicoW/pico-sdk/src/rp2_common/hardware_xosc/xosc.c.obj
                0x10004c20                xosc_init
 .text._out_null
                0x10004c48        0x4 CMakeFiles/blink.dir/C_/Users/Utente/RPiPicoW/pico-sdk/src/rp2_common/pico_printf/printf.c.obj
 .text._out_rev
                0x10004c4c       0x90 CMakeFiles/blink.dir/C_/Users/Utente/RPiPicoW/pico-sdk/src/rp2_common/pico_printf/printf.c.obj
 .text._ntoa_format
                0x10004cdc      0x1cc CMakeFiles/blink.dir/C_/Users/Utente/RPiPicoW/pico-sdk/src/rp2_common/pico_printf/printf.c.obj
 .text._out_char
                0x10004ea8       0x10 CMakeFiles/blink.dir/C_/Users/Utente/RPiPicoW/pico-sdk/src/rp2_common/pico_printf/printf.c.obj
 .text._out_fct
                0x10004eb8       0x10 CMakeFiles/blink.dir/C_/Users/Utente/RPiPicoW/pico-sdk/src/rp2_common/pico_printf/printf.c.obj
 .text._etoa    0x10004ec8      0x44c CMakeFiles/blink.dir/C_/Users/Utente/RPiPicoW/pico-sdk/src/rp2_common/pico_printf/printf.c.obj
 .text._ftoa    0x10005314      0x3d0 CMakeFiles/blink.dir/C_/Users/Utente/RPiPicoW/pico-sdk/src/rp2_common/pico_printf/printf.c.obj
 .text._vsnprintf
                0x100056e4      0xabc CMakeFiles/blink.dir/C_/Users/Utente/RPiPicoW/pico-sdk/src/rp2_common/pico_printf/printf.c.obj
 .text.vfctprintf
                0x100061a0       0x20 CMakeFiles/blink.dir/C_/Users/Utente/RPiPicoW/pico-sdk/src/rp2_common/pico_printf/printf.c.obj
                0x100061a0                vfctprintf
 .text.weak_raw_vprintf
                0x100061c0       0x30 CMakeFiles/blink.dir/C_/Users/Utente/RPiPicoW/pico-sdk/src/rp2_common/pico_printf/printf.c.obj
                0x100061c0                weak_raw_vprintf
 .text          0x100061f0       0x10 CMakeFiles/blink.dir/C_/Users/Utente/RPiPicoW/pico-sdk/src/rp2_common/pico_bit_ops/bit_ops_aeabi.S.obj
 .text.ctzsi    0x10006200        0xc CMakeFiles/blink.dir/C_/Users/Utente/RPiPicoW/pico-sdk/src/rp2_common/pico_bit_ops/bit_ops_aeabi.S.obj
                0x10006200                __wrap___ctzsi2
 .text.__wrap___aeabi_idiv
                0x1000620c       0x50 CMakeFiles/blink.dir/C_/Users/Utente/RPiPicoW/pico-sdk/src/rp2_common/pico_divider/divider.S.obj
                0x1000620c                __wrap___aeabi_idivmod
                0x1000620c                divmod_s32s32
                0x1000620c                div_s32s32
                0x1000620c                __wrap___aeabi_idiv
                0x10006214                divmod_s32s32_unsafe
                0x10006240                divmod_s32s32_savestate
 .text.__wrap___aeabi_uidiv
                0x1000625c       0x4c CMakeFiles/blink.dir/C_/Users/Utente/RPiPicoW/pico-sdk/src/rp2_common/pico_divider/divider.S.obj
                0x1000625c                __wrap___aeabi_uidiv
                0x1000625c                __wrap___aeabi_uidivmod
                0x1000625c                div_u32u32
                0x1000625c                divmod_u32u32
                0x10006264                divmod_u32u32_unsafe
                0x1000628c                divmod_u32u32_savestate
 .text.__wrap___aeabi_ldiv
                0x100062a8      0x434 CMakeFiles/blink.dir/C_/Users/Utente/RPiPicoW/pico-sdk/src/rp2_common/pico_divider/divider.S.obj
                0x100062a8                div_s64s64
                0x100062a8                divmod_s64s64
                0x100062a8                __wrap___aeabi_ldivmod
                0x100062e0                divmod_u64u64
                0x100062e0                div_u64u64
                0x100062e0                __wrap___aeabi_uldivmod
                0x100062f0                divmod_u64u64_savestate
                0x10006318                divmod_s64s64_unsafe
                0x100063a0                divmod_u64u64_unsafe
 .text.__wrap___aeabi_darithmetic
                0x100066dc       0x60 CMakeFiles/blink.dir/C_/Users/Utente/RPiPicoW/pico-sdk/src/rp2_common/pico_double/double_aeabi.S.obj
                0x100066dc                __wrap___aeabi_drsub
                0x100066e2                __wrap___aeabi_dsub
                0x100066ec                __wrap___aeabi_dadd
                0x100066f6                __wrap___aeabi_ddiv
                0x1000672a                __wrap___aeabi_dmul
 .text.__wrap___aeabi_cdcmple
                0x1000673c       0x6c CMakeFiles/blink.dir/C_/Users/Utente/RPiPicoW/pico-sdk/src/rp2_common/pico_double/double_aeabi.S.obj
                0x1000673c                __wrap___aeabi_cdrcmple
                0x1000674c                __wrap___aeabi_cdcmpeq
                0x1000674c                __wrap___aeabi_cdcmple
 .text.__wrap___aeabi_dcmplt
                0x100067a8        0xc CMakeFiles/blink.dir/C_/Users/Utente/RPiPicoW/pico-sdk/src/rp2_common/pico_double/double_aeabi.S.obj
                0x100067a8                __wrap___aeabi_dcmplt
 .text.__wrap___aeabi_dcmple
                0x100067b4       0x10 CMakeFiles/blink.dir/C_/Users/Utente/RPiPicoW/pico-sdk/src/rp2_common/pico_double/double_aeabi.S.obj
                0x100067b4                __wrap___aeabi_dcmple
 .text.__wrap___aeabi_dcmpge
                0x100067c4       0x10 CMakeFiles/blink.dir/C_/Users/Utente/RPiPicoW/pico-sdk/src/rp2_common/pico_double/double_aeabi.S.obj
                0x100067c4                __wrap___aeabi_dcmpge
 .text.__wrap___aeabi_dcmpgt
                0x100067d4        0xa CMakeFiles/blink.dir/C_/Users/Utente/RPiPicoW/pico-sdk/src/rp2_common/pico_double/double_aeabi.S.obj
                0x100067d4                __wrap___aeabi_dcmpgt
 .text.__wrap___aeabi_dcmpun
                0x100067de       0x1c CMakeFiles/blink.dir/C_/Users/Utente/RPiPicoW/pico-sdk/src/rp2_common/pico_double/double_aeabi.S.obj
                0x100067de                __wrap___aeabi_dcmpun
 *fill*         0x100067fa        0x2 
 .text.__wrap___aeabi_i2d
                0x100067fc       0x38 CMakeFiles/blink.dir/C_/Users/Utente/RPiPicoW/pico-sdk/src/rp2_common/pico_double/double_aeabi.S.obj
                0x100067fc                __wrap___aeabi_ui2d
                0x10006804                __wrap___aeabi_i2d
 .text.__wrap___aeabi_d2iz
                0x10006834       0x48 CMakeFiles/blink.dir/C_/Users/Utente/RPiPicoW/pico-sdk/src/rp2_common/pico_double/double_aeabi.S.obj
                0x10006834                double2int_z
                0x10006834                __wrap___aeabi_d2iz
 .text.__wrap___aeabi_d2uiz
                0x1000687c       0x10 CMakeFiles/blink.dir/C_/Users/Utente/RPiPicoW/pico-sdk/src/rp2_common/pico_double/double_aeabi.S.obj
                0x1000687c                __wrap___aeabi_d2uiz
                0x1000687c                double2uint
 .text.missing_double_func_shim
                0x1000688c        0xc CMakeFiles/blink.dir/C_/Users/Utente/RPiPicoW/pico-sdk/src/rp2_common/pico_double/double_init_rom.c.obj
 .text.__aeabi_double_init
                0x10006898       0x98 CMakeFiles/blink.dir/C_/Users/Utente/RPiPicoW/pico-sdk/src/rp2_common/pico_double/double_init_rom.c.obj
                0x10006898                __aeabi_double_init
 .text.double_table_shim_on_use_helper
                0x10006930       0x2c CMakeFiles/blink.dir/C_/Users/Utente/RPiPicoW/pico-sdk/src/rp2_common/pico_double/double_v1_rom_shim.S.obj
                0x10006930                double_table_shim_on_use_helper
 .text.__aeabi_lmul
                0x1000695c       0x32 CMakeFiles/blink.dir/C_/Users/Utente/RPiPicoW/pico-sdk/src/rp2_common/pico_int64_ops/pico_int64_ops_aeabi.S.obj
                0x1000695c                __wrap___aeabi_lmul
 *fill*         0x1000698e        0x2 
 .text.missing_float_func_shim
                0x10006990        0xc CMakeFiles/blink.dir/C_/Users/Utente/RPiPicoW/pico-sdk/src/rp2_common/pico_float/float_init_rom.c.obj
 .text.__aeabi_float_init
                0x1000699c       0x5c CMakeFiles/blink.dir/C_/Users/Utente/RPiPicoW/pico-sdk/src/rp2_common/pico_float/float_init_rom.c.obj
                0x1000699c                __aeabi_float_init
 .text          0x100069f8       0x10 CMakeFiles/blink.dir/C_/Users/Utente/RPiPicoW/pico-sdk/src/rp2_common/pico_mem_ops/mem_ops_aeabi.S.obj
                0x100069f8                __aeabi_mem_init
 .text.memset   0x10006a08        0xc CMakeFiles/blink.dir/C_/Users/Utente/RPiPicoW/pico-sdk/src/rp2_common/pico_mem_ops/mem_ops_aeabi.S.obj
                0x10006a08                __wrap_memset
 .text.memcpy   0x10006a14        0xc CMakeFiles/blink.dir/C_/Users/Utente/RPiPicoW/pico-sdk/src/rp2_common/pico_mem_ops/mem_ops_aeabi.S.obj
                0x10006a14                __wrap_memcpy
                0x10006a14                __wrap___aeabi_memcpy
 .text.stdio_out_chars_no_crlf
                0x10006a20       0x10 CMakeFiles/blink.dir/C_/Users/Utente/RPiPicoW/pico-sdk/src/rp2_common/pico_stdio/stdio.c.obj
 .text.stdio_out_chars_crlf
                0x10006a30       0xb4 CMakeFiles/blink.dir/C_/Users/Utente/RPiPicoW/pico-sdk/src/rp2_common/pico_stdio/stdio.c.obj
 .text.stdio_buffered_printer
                0x10006ae4       0x64 CMakeFiles/blink.dir/C_/Users/Utente/RPiPicoW/pico-sdk/src/rp2_common/pico_stdio/stdio.c.obj
 .text.stdio_put_string.isra.0
                0x10006b48       0xfc CMakeFiles/blink.dir/C_/Users/Utente/RPiPicoW/pico-sdk/src/rp2_common/pico_stdio/stdio.c.obj
 .text.__wrap_putchar
                0x10006c44       0xa0 CMakeFiles/blink.dir/C_/Users/Utente/RPiPicoW/pico-sdk/src/rp2_common/pico_stdio/stdio.c.obj
                0x10006c44                __wrap_putchar
 .text.__wrap_puts
                0x10006ce4       0x3c CMakeFiles/blink.dir/C_/Users/Utente/RPiPicoW/pico-sdk/src/rp2_common/pico_stdio/stdio.c.obj
                0x10006ce4                __wrap_puts
 .text.stdio_set_driver_enabled
                0x10006d20       0x30 CMakeFiles/blink.dir/C_/Users/Utente/RPiPicoW/pico-sdk/src/rp2_common/pico_stdio/stdio.c.obj
                0x10006d20                stdio_set_driver_enabled
 .text.__wrap_vprintf
                0x10006d50       0xd4 CMakeFiles/blink.dir/C_/Users/Utente/RPiPicoW/pico-sdk/src/rp2_common/pico_stdio/stdio.c.obj
                0x10006d50                __wrap_vprintf
 .text.__wrap_printf
                0x10006e24       0x18 CMakeFiles/blink.dir/C_/Users/Utente/RPiPicoW/pico-sdk/src/rp2_common/pico_stdio/stdio.c.obj
                0x10006e24                __wrap_printf
 .text.stdio_init_all
                0x10006e3c        0x8 CMakeFiles/blink.dir/C_/Users/Utente/RPiPicoW/pico-sdk/src/rp2_common/pico_stdio/stdio.c.obj
                0x10006e3c                stdio_init_all
 .text.stdio_uart_out_chars
                0x10006e44       0x4c CMakeFiles/blink.dir/C_/Users/Utente/RPiPicoW/pico-sdk/src/rp2_common/pico_stdio_uart/stdio_uart.c.obj
 .text.stdio_uart_in_chars
                0x10006e90       0x38 CMakeFiles/blink.dir/C_/Users/Utente/RPiPicoW/pico-sdk/src/rp2_common/pico_stdio_uart/stdio_uart.c.obj
                0x10006e90                stdio_uart_in_chars
 .text.stdio_uart_init
                0x10006ec8       0x48 CMakeFiles/blink.dir/C_/Users/Utente/RPiPicoW/pico-sdk/src/rp2_common/pico_stdio_uart/stdio_uart.c.obj
                0x10006ec8                stdio_uart_init
 .text.pio_sm_unclaim
                0x10006f10       0x20 CMakeFiles/blink.dir/C_/Users/Utente/RPiPicoW/pico-sdk/src/rp2_common/hardware_pio/pio.c.obj
                0x10006f10                pio_sm_unclaim
 .text.pio_claim_unused_sm
                0x10006f30       0x3c CMakeFiles/blink.dir/C_/Users/Utente/RPiPicoW/pico-sdk/src/rp2_common/hardware_pio/pio.c.obj
                0x10006f30                pio_claim_unused_sm
 .text.pio_can_add_program
                0x10006f6c       0x68 CMakeFiles/blink.dir/C_/Users/Utente/RPiPicoW/pico-sdk/src/rp2_common/hardware_pio/pio.c.obj
                0x10006f6c                pio_can_add_program
 .text.pio_add_program
                0x10006fd4       0xcc CMakeFiles/blink.dir/C_/Users/Utente/RPiPicoW/pico-sdk/src/rp2_common/hardware_pio/pio.c.obj
                0x10006fd4                pio_add_program
 .text.pio_remove_program
                0x100070a0       0x34 CMakeFiles/blink.dir/C_/Users/Utente/RPiPicoW/pico-sdk/src/rp2_common/hardware_pio/pio.c.obj
                0x100070a0                pio_remove_program
 .text.pio_sm_set_pindirs_with_mask
                0x100070d4       0x88 CMakeFiles/blink.dir/C_/Users/Utente/RPiPicoW/pico-sdk/src/rp2_common/hardware_pio/pio.c.obj
                0x100070d4                pio_sm_set_pindirs_with_mask
 .text.pio_sm_set_consecutive_pindirs
                0x1000715c       0x84 CMakeFiles/blink.dir/C_/Users/Utente/RPiPicoW/pico-sdk/src/rp2_common/hardware_pio/pio.c.obj
                0x1000715c                pio_sm_set_consecutive_pindirs
 .text.dma_channel_unclaim
                0x100071e0       0x14 CMakeFiles/blink.dir/C_/Users/Utente/RPiPicoW/pico-sdk/src/rp2_common/hardware_dma/dma.c.obj
                0x100071e0                dma_channel_unclaim
 .text.dma_claim_unused_channel
                0x100071f4       0x24 CMakeFiles/blink.dir/C_/Users/Utente/RPiPicoW/pico-sdk/src/rp2_common/hardware_dma/dma.c.obj
                0x100071f4                dma_claim_unused_channel
 .text.lwip_htons
                0x10007218        0x8 CMakeFiles/blink.dir/C_/Users/Utente/RPiPicoW/pico-sdk/lib/lwip/src/core/def.c.obj
                0x10007218                lwip_htons
 .text.lwip_htonl
                0x10007220        0x4 CMakeFiles/blink.dir/C_/Users/Utente/RPiPicoW/pico-sdk/lib/lwip/src/core/def.c.obj
                0x10007220                lwip_htonl
 .text.lwip_standard_chksum
                0x10007224       0xd4 CMakeFiles/blink.dir/C_/Users/Utente/RPiPicoW/pico-sdk/lib/lwip/src/core/inet_chksum.c.obj
                0x10007224                lwip_standard_chksum
 .text.inet_chksum_pseudo
                0x100072f8       0xc0 CMakeFiles/blink.dir/C_/Users/Utente/RPiPicoW/pico-sdk/lib/lwip/src/core/inet_chksum.c.obj
                0x100072f8                inet_chksum_pseudo
 .text.ip_chksum_pseudo
                0x100073b8       0x10 CMakeFiles/blink.dir/C_/Users/Utente/RPiPicoW/pico-sdk/lib/lwip/src/core/inet_chksum.c.obj
                0x100073b8                ip_chksum_pseudo
 .text.inet_chksum
                0x100073c8        0xc CMakeFiles/blink.dir/C_/Users/Utente/RPiPicoW/pico-sdk/lib/lwip/src/core/inet_chksum.c.obj
                0x100073c8                inet_chksum
 .text.mem_free
                0x100073d4       0xec CMakeFiles/blink.dir/C_/Users/Utente/RPiPicoW/pico-sdk/lib/lwip/src/core/mem.c.obj
                0x100073d4                mem_free
 .text.mem_trim
                0x100074c0       0xf4 CMakeFiles/blink.dir/C_/Users/Utente/RPiPicoW/pico-sdk/lib/lwip/src/core/mem.c.obj
                0x100074c0                mem_trim
 .text.mem_malloc
                0x100075b4       0xe4 CMakeFiles/blink.dir/C_/Users/Utente/RPiPicoW/pico-sdk/lib/lwip/src/core/mem.c.obj
                0x100075b4                mem_malloc
 .text.memp_malloc
                0x10007698       0x34 CMakeFiles/blink.dir/C_/Users/Utente/RPiPicoW/pico-sdk/lib/lwip/src/core/memp.c.obj
                0x10007698                memp_malloc
 .text.memp_free
                0x100076cc       0x28 CMakeFiles/blink.dir/C_/Users/Utente/RPiPicoW/pico-sdk/lib/lwip/src/core/memp.c.obj
                0x100076cc                memp_free
 .text.netif_do_set_ipaddr.isra.0
                0x100076f4       0x60 CMakeFiles/blink.dir/C_/Users/Utente/RPiPicoW/pico-sdk/lib/lwip/src/core/netif.c.obj
 .text.netif_set_addr
                0x10007754       0x6c CMakeFiles/blink.dir/C_/Users/Utente/RPiPicoW/pico-sdk/lib/lwip/src/core/netif.c.obj
                0x10007754                netif_set_addr
 .text.netif_remove
                0x100077c0       0x94 CMakeFiles/blink.dir/C_/Users/Utente/RPiPicoW/pico-sdk/lib/lwip/src/core/netif.c.obj
                0x100077c0                netif_remove
 .text.netif_set_link_up
                0x10007854       0x44 CMakeFiles/blink.dir/C_/Users/Utente/RPiPicoW/pico-sdk/lib/lwip/src/core/netif.c.obj
                0x10007854                netif_set_link_up
 .text.netif_set_link_down
                0x10007898       0x20 CMakeFiles/blink.dir/C_/Users/Utente/RPiPicoW/pico-sdk/lib/lwip/src/core/netif.c.obj
                0x10007898                netif_set_link_down
 .text.netif_get_by_index
                0x100078b8       0x2c CMakeFiles/blink.dir/C_/Users/Utente/RPiPicoW/pico-sdk/lib/lwip/src/core/netif.c.obj
                0x100078b8                netif_get_by_index
 .text.pbuf_alloc
                0x100078e4      0x178 CMakeFiles/blink.dir/C_/Users/Utente/RPiPicoW/pico-sdk/lib/lwip/src/core/pbuf.c.obj
                0x100078e4                pbuf_alloc
 .text.pbuf_realloc
                0x10007a5c       0xb8 CMakeFiles/blink.dir/C_/Users/Utente/RPiPicoW/pico-sdk/lib/lwip/src/core/pbuf.c.obj
                0x10007a5c                pbuf_realloc
 .text.pbuf_add_header
                0x10007b14       0x4c CMakeFiles/blink.dir/C_/Users/Utente/RPiPicoW/pico-sdk/lib/lwip/src/core/pbuf.c.obj
                0x10007b14                pbuf_add_header
 .text.pbuf_free
                0x10007b60       0x64 CMakeFiles/blink.dir/C_/Users/Utente/RPiPicoW/pico-sdk/lib/lwip/src/core/pbuf.c.obj
                0x10007b60                pbuf_free
 .text.pbuf_chain
                0x10007bc4       0x44 CMakeFiles/blink.dir/C_/Users/Utente/RPiPicoW/pico-sdk/lib/lwip/src/core/pbuf.c.obj
                0x10007bc4                pbuf_chain
 .text.pbuf_copy_partial
                0x10007c08       0x68 CMakeFiles/blink.dir/C_/Users/Utente/RPiPicoW/pico-sdk/lib/lwip/src/core/pbuf.c.obj
                0x10007c08                pbuf_copy_partial
 .text.pbuf_take
                0x10007c70       0x54 CMakeFiles/blink.dir/C_/Users/Utente/RPiPicoW/pico-sdk/lib/lwip/src/core/pbuf.c.obj
                0x10007c70                pbuf_take
 .text.raw_netif_ip_addr_changed
                0x10007cc4       0x40 CMakeFiles/blink.dir/C_/Users/Utente/RPiPicoW/pico-sdk/lib/lwip/src/core/raw.c.obj
                0x10007cc4                raw_netif_ip_addr_changed
 .text.tcp_pcb_purge.part.0
                0x10007d04       0xc4 CMakeFiles/blink.dir/C_/Users/Utente/RPiPicoW/pico-sdk/lib/lwip/src/core/tcp.c.obj
 .text.tcp_seg_free
                0x10007dc8       0x1c CMakeFiles/blink.dir/C_/Users/Utente/RPiPicoW/pico-sdk/lib/lwip/src/core/tcp.c.obj
                0x10007dc8                tcp_seg_free
 .text.tcp_pcb_remove
                0x10007de4       0x78 CMakeFiles/blink.dir/C_/Users/Utente/RPiPicoW/pico-sdk/lib/lwip/src/core/tcp.c.obj
                0x10007de4                tcp_pcb_remove
 .text.tcp_abandon
                0x10007e5c      0x184 CMakeFiles/blink.dir/C_/Users/Utente/RPiPicoW/pico-sdk/lib/lwip/src/core/tcp.c.obj
                0x10007e5c                tcp_abandon
 .text.tcp_eff_send_mss_netif
                0x10007fe0       0x28 CMakeFiles/blink.dir/C_/Users/Utente/RPiPicoW/pico-sdk/lib/lwip/src/core/tcp.c.obj
                0x10007fe0                tcp_eff_send_mss_netif
 .text.tcp_netif_ip_addr_changed
                0x10008008       0x9c CMakeFiles/blink.dir/C_/Users/Utente/RPiPicoW/pico-sdk/lib/lwip/src/core/tcp.c.obj
                0x10008008                tcp_netif_ip_addr_changed
 .text.tcp_output_control_segment
                0x100080a4       0xb4 CMakeFiles/blink.dir/C_/Users/Utente/RPiPicoW/pico-sdk/lib/lwip/src/core/tcp_out.c.obj
 .text.tcp_rst  0x10008158       0xbc CMakeFiles/blink.dir/C_/Users/Utente/RPiPicoW/pico-sdk/lib/lwip/src/core/tcp_out.c.obj
                0x10008158                tcp_rst
 .text.tcp_send_empty_ack
                0x10008214       0xd4 CMakeFiles/blink.dir/C_/Users/Utente/RPiPicoW/pico-sdk/lib/lwip/src/core/tcp_out.c.obj
                0x10008214                tcp_send_empty_ack
 .text.tcp_output
                0x100082e8      0x414 CMakeFiles/blink.dir/C_/Users/Utente/RPiPicoW/pico-sdk/lib/lwip/src/core/tcp_out.c.obj
                0x100082e8                tcp_output
 .text.udp_bind
                0x100086fc      0x10c CMakeFiles/blink.dir/C_/Users/Utente/RPiPicoW/pico-sdk/lib/lwip/src/core/udp.c.obj
                0x100086fc                udp_bind
 .text.udp_sendto_if_src
                0x10008808      0x120 CMakeFiles/blink.dir/C_/Users/Utente/RPiPicoW/pico-sdk/lib/lwip/src/core/udp.c.obj
                0x10008808                udp_sendto_if_src
 .text.udp_sendto_if
                0x10008928       0x48 CMakeFiles/blink.dir/C_/Users/Utente/RPiPicoW/pico-sdk/lib/lwip/src/core/udp.c.obj
                0x10008928                udp_sendto_if
 .text.udp_remove
                0x10008970       0x3c CMakeFiles/blink.dir/C_/Users/Utente/RPiPicoW/pico-sdk/lib/lwip/src/core/udp.c.obj
                0x10008970                udp_remove
 .text.udp_netif_ip_addr_changed
                0x100089ac       0x40 CMakeFiles/blink.dir/C_/Users/Utente/RPiPicoW/pico-sdk/lib/lwip/src/core/udp.c.obj
                0x100089ac                udp_netif_ip_addr_changed
 .text.pico_lwip_rand
                0x100089ec       0x60 CMakeFiles/blink.dir/C_/Users/Utente/RPiPicoW/pico-sdk/src/rp2_common/pico_lwip/random.c.obj
                0x100089ec                pico_lwip_rand
 .text.dhcp_create_msg
                0x10008a4c      0x160 CMakeFiles/blink.dir/C_/Users/Utente/RPiPicoW/pico-sdk/lib/lwip/src/core/ipv4/dhcp.c.obj
 .text.dhcp_discover
                0x10008bac      0x114 CMakeFiles/blink.dir/C_/Users/Utente/RPiPicoW/pico-sdk/lib/lwip/src/core/ipv4/dhcp.c.obj
 .text.dhcp_reboot.isra.0
                0x10008cc0      0x1e4 CMakeFiles/blink.dir/C_/Users/Utente/RPiPicoW/pico-sdk/lib/lwip/src/core/ipv4/dhcp.c.obj
 .text.dhcp_network_changed_link_up
                0x10008ea4       0x30 CMakeFiles/blink.dir/C_/Users/Utente/RPiPicoW/pico-sdk/lib/lwip/src/core/ipv4/dhcp.c.obj
                0x10008ea4                dhcp_network_changed_link_up
 .text.dhcp_stop
                0x10008ed4      0x144 CMakeFiles/blink.dir/C_/Users/Utente/RPiPicoW/pico-sdk/lib/lwip/src/core/ipv4/dhcp.c.obj
                0x10008ed4                dhcp_stop
 .text.etharp_cleanup_netif
                0x10009018      0x188 CMakeFiles/blink.dir/C_/Users/Utente/RPiPicoW/pico-sdk/lib/lwip/src/core/ipv4/etharp.c.obj
                0x10009018                etharp_cleanup_netif
 .text.etharp_request
                0x100091a0       0xc4 CMakeFiles/blink.dir/C_/Users/Utente/RPiPicoW/pico-sdk/lib/lwip/src/core/ipv4/etharp.c.obj
                0x100091a0                etharp_request
 .text.ip4_frag
                0x10009264      0x164 CMakeFiles/blink.dir/C_/Users/Utente/RPiPicoW/pico-sdk/lib/lwip/src/core/ipv4/ip4_frag.c.obj
                0x10009264                ip4_frag
 .text.ip4_route
                0x100093c8       0x7c CMakeFiles/blink.dir/C_/Users/Utente/RPiPicoW/pico-sdk/lib/lwip/src/core/ipv4/ip4.c.obj
                0x100093c8                ip4_route
 .text.ip4_output_if
                0x10009444      0x168 CMakeFiles/blink.dir/C_/Users/Utente/RPiPicoW/pico-sdk/lib/lwip/src/core/ipv4/ip4.c.obj
                0x10009444                ip4_output_if
 .text.ip4_output_if_src
                0x100095ac      0x154 CMakeFiles/blink.dir/C_/Users/Utente/RPiPicoW/pico-sdk/lib/lwip/src/core/ipv4/ip4.c.obj
                0x100095ac                ip4_output_if_src
 .text.ethernet_output
                0x10009700       0x58 CMakeFiles/blink.dir/C_/Users/Utente/RPiPicoW/pico-sdk/lib/lwip/src/netif/ethernet.c.obj
                0x10009700                ethernet_output
 .text.sys_arch_protect
                0x10009758        0x4 CMakeFiles/blink.dir/C_/Users/Utente/RPiPicoW/pico-sdk/src/rp2_common/pico_lwip/nosys.c.obj
                0x10009758                sys_arch_protect
 .text.sys_arch_unprotect
                0x1000975c        0x4 CMakeFiles/blink.dir/C_/Users/Utente/RPiPicoW/pico-sdk/src/rp2_common/pico_lwip/nosys.c.obj
                0x1000975c                sys_arch_unprotect
 .text.memmove  0x10009760       0xac c:/progra~2/armgnu~1/1142da~1.3re/bin/../lib/gcc/arm-none-eabi/11.3.1/thumb/v6-m/nofp\libc.a(libc_a-memmove.o)
                0x10009760                memmove
 .text.strncmp  0x1000980c       0x74 c:/progra~2/armgnu~1/1142da~1.3re/bin/../lib/gcc/arm-none-eabi/11.3.1/thumb/v6-m/nofp\libc.a(libc_a-strncmp.o)
                0x1000980c                strncmp
 .text.strlen   0x10009880       0x5c c:/progra~2/armgnu~1/1142da~1.3re/bin/../lib/gcc/arm-none-eabi/11.3.1/thumb/v6-m/nofp\libc.a(libc_a-strlen-stub.o)
                0x10009880                strlen
 *(.fini)
 .fini          0x100098dc        0x4 c:/progra~2/armgnu~1/1142da~1.3re/bin/../lib/gcc/arm-none-eabi/11.3.1/thumb/v6-m/nofp/crti.o
                0x100098dc                _fini
 .fini.__stub   0x100098e0       0x90 linker stubs
 *crtbegin.o(.ctors)
 *crtbegin?.o(.ctors)
 *(EXCLUDE_FILE(*crtend.o *crtend?.o) .ctors)
 *(SORT_BY_NAME(.ctors.*))
 *(.ctors)
 *crtbegin.o(.dtors)
 *crtbegin?.o(.dtors)
 *(EXCLUDE_FILE(*crtend.o *crtend?.o) .dtors)
 *(SORT_BY_NAME(.dtors.*))
 *(.dtors)
 *(.eh_frame*)
 .eh_frame      0x10009970        0x0 c:/progra~2/armgnu~1/1142da~1.3re/bin/../lib/gcc/arm-none-eabi/11.3.1/thumb/v6-m/nofp/crtbegin.o
                0x10009970                . = ALIGN (0x4)

.glue_7         0x10009970        0x0
 .glue_7        0x10009970        0x0 linker stubs

.glue_7t        0x10009970        0x0
 .glue_7t       0x10009970        0x0 linker stubs

.vfp11_veneer   0x10009970        0x0
 .vfp11_veneer  0x10009970        0x0 linker stubs

.v4_bx          0x10009970        0x0
 .v4_bx         0x10009970        0x0 linker stubs

.iplt           0x10009970        0x0
 .iplt          0x10009970        0x0 c:/progra~2/armgnu~1/1142da~1.3re/bin/../lib/gcc/arm-none-eabi/11.3.1/thumb/v6-m/nofp/crtbegin.o

.rodata         0x10009970      0xcb4
 *(EXCLUDE_FILE(*libm.a: *libc.a:*lib_a-mem*.o *libgcc.a:) .rodata*)
 .rodata.cyw43_read_bytes.str1.4
                0x10009970       0x1a CMakeFiles/blink.dir/C_/Users/Utente/RPiPicoW/pico-sdk/src/rp2_common/cyw43_driver/cyw43_bus_pio_spi.c.obj
 .rodata.cyw43_write_bytes.str1.4
                0x1000998a       0x1a CMakeFiles/blink.dir/C_/Users/Utente/RPiPicoW/pico-sdk/src/rp2_common/cyw43_driver/cyw43_bus_pio_spi.c.obj
                                  0xd (size before relaxing)
 *fill*         0x1000998a        0x2 
 .rodata.spi_gap01_sample0_program
                0x1000998c        0x6 CMakeFiles/blink.dir/C_/Users/Utente/RPiPicoW/pico-sdk/src/rp2_common/cyw43_driver/cyw43_bus_pio_spi.c.obj
 *fill*         0x10009992        0x2 
 .rodata.spi_gap01_sample0_program_instructions
                0x10009994        0xc CMakeFiles/blink.dir/C_/Users/Utente/RPiPicoW/pico-sdk/src/rp2_common/cyw43_driver/cyw43_bus_pio_spi.c.obj
 .rodata.cyw43_kso_set.str1.4
                0x100099a0       0x23 CMakeFiles/blink.dir/C_/Users/Utente/RPiPicoW/pico-sdk/lib/cyw43-driver/src/cyw43_ll.c.obj
 *fill*         0x100099c3        0x1 
 .rodata.cyw43_ll_sdpcm_poll_device.str1.4
                0x100099c4       0x55 CMakeFiles/blink.dir/C_/Users/Utente/RPiPicoW/pico-sdk/lib/cyw43-driver/src/cyw43_ll.c.obj
 *fill*         0x10009a19        0x3 
 .rodata.cyw43_sdpcm_send_common.str1.4
                0x10009a1c       0x22 CMakeFiles/blink.dir/C_/Users/Utente/RPiPicoW/pico-sdk/lib/cyw43-driver/src/cyw43_ll.c.obj
 *fill*         0x10009a3e        0x2 
 .rodata.cyw43_do_ioctl.str1.4
                0x10009a40       0x55 CMakeFiles/blink.dir/C_/Users/Utente/RPiPicoW/pico-sdk/lib/cyw43-driver/src/cyw43_ll.c.obj
 *fill*         0x10009a95        0x3 
 .rodata.reset_device_core.constprop.0.str1.4
                0x10009a98       0x1a CMakeFiles/blink.dir/C_/Users/Utente/RPiPicoW/pico-sdk/lib/cyw43-driver/src/cyw43_ll.c.obj
 *fill*         0x10009ab2        0x2 
 .rodata.cyw43_ll_process_packets.str1.4
                0x10009ab4       0x22 CMakeFiles/blink.dir/C_/Users/Utente/RPiPicoW/pico-sdk/lib/cyw43-driver/src/cyw43_ll.c.obj
 *fill*         0x10009ad6        0x2 
 .rodata.cyw43_ll_bus_init.str1.4
                0x10009ad8       0xfe CMakeFiles/blink.dir/C_/Users/Utente/RPiPicoW/pico-sdk/lib/cyw43-driver/src/cyw43_ll.c.obj
 *fill*         0x10009bd6        0x2 
 .rodata.cyw43_ll_gpio_set.str1.4
                0x10009bd8        0x8 CMakeFiles/blink.dir/C_/Users/Utente/RPiPicoW/pico-sdk/lib/cyw43-driver/src/cyw43_ll.c.obj
 .rodata        0x10009be0       0x72 CMakeFiles/blink.dir/C_/Users/Utente/RPiPicoW/pico-sdk/lib/cyw43-driver/src/cyw43_ll.c.obj
 *fill*         0x10009c52        0x2 
 .rodata.wifi_nvram_4343
                0x10009c54      0x2e7 CMakeFiles/blink.dir/C_/Users/Utente/RPiPicoW/pico-sdk/lib/cyw43-driver/src/cyw43_ll.c.obj
 *fill*         0x10009f3b        0x1 
 .rodata.cyw43_cb_process_async_event.str1.4
                0x10009f3c       0x28 CMakeFiles/blink.dir/C_/Users/Utente/RPiPicoW/pico-sdk/lib/cyw43-driver/src/cyw43_ctrl.c.obj
 .rodata.cyw43_cb_process_async_event
                0x10009f64       0xbc CMakeFiles/blink.dir/C_/Users/Utente/RPiPicoW/pico-sdk/lib/cyw43-driver/src/cyw43_ctrl.c.obj
 .rodata.str1.4
                0x1000a020       0x9e CMakeFiles/blink.dir/C_/Users/Utente/RPiPicoW/pico-sdk/lib/cyw43-driver/src/cyw43_ctrl.c.obj
 *fill*         0x1000a0be        0x2 
 .rodata.cyw43_async_event_name_table
                0x1000a0c0      0x164 CMakeFiles/blink.dir/C_/Users/Utente/RPiPicoW/pico-sdk/lib/cyw43-driver/src/cyw43_ctrl.c.obj
 .rodata.hardware_alarm_claim.str1.4
                0x1000a224       0x22 CMakeFiles/blink.dir/C_/Users/Utente/RPiPicoW/pico-sdk/src/rp2_common/hardware_timer/timer.c.obj
 *fill*         0x1000a246        0x2 
 .rodata.panic.str1.4
                0x1000a248       0x10 CMakeFiles/blink.dir/C_/Users/Utente/RPiPicoW/pico-sdk/src/rp2_common/pico_runtime/runtime.c.obj
                                 0x12 (size before relaxing)
 .rodata.hard_assertion_failure.str1.4
                0x1000a258        0xc CMakeFiles/blink.dir/C_/Users/Utente/RPiPicoW/pico-sdk/src/rp2_common/pico_runtime/runtime.c.obj
 .rodata._ftoa.str1.4
                0x1000a264       0x15 CMakeFiles/blink.dir/C_/Users/Utente/RPiPicoW/pico-sdk/src/rp2_common/pico_printf/printf.c.obj
 *fill*         0x1000a279        0x3 
 .rodata._vsnprintf
                0x1000a27c      0x19c CMakeFiles/blink.dir/C_/Users/Utente/RPiPicoW/pico-sdk/src/rp2_common/pico_printf/printf.c.obj
 .rodata.pow10.0
                0x1000a418       0x50 CMakeFiles/blink.dir/C_/Users/Utente/RPiPicoW/pico-sdk/src/rp2_common/pico_printf/printf.c.obj
 .rodata.missing_double_func_shim.str1.4
                0x1000a468       0x18 CMakeFiles/blink.dir/C_/Users/Utente/RPiPicoW/pico-sdk/src/rp2_common/pico_double/double_init_rom.c.obj
 .rodata.missing_float_func_shim.str1.4
                0x1000a480       0x18 CMakeFiles/blink.dir/C_/Users/Utente/RPiPicoW/pico-sdk/src/rp2_common/pico_float/float_init_rom.c.obj
                                  0x1 (size before relaxing)
 .rodata.str1.4
                0x1000a480       0x3c CMakeFiles/blink.dir/C_/Users/Utente/RPiPicoW/pico-sdk/src/rp2_common/pico_standard_link/binary_info.c.obj
 .rodata.__bi_44
                0x1000a4bc        0xc CMakeFiles/blink.dir/C_/Users/Utente/RPiPicoW/pico-sdk/src/rp2_common/pico_standard_link/binary_info.c.obj
 .rodata.__bi_75
                0x1000a4c8        0xc CMakeFiles/blink.dir/C_/Users/Utente/RPiPicoW/pico-sdk/src/rp2_common/pico_standard_link/binary_info.c.obj
 .rodata.__bi_81
                0x1000a4d4        0xc CMakeFiles/blink.dir/C_/Users/Utente/RPiPicoW/pico-sdk/src/rp2_common/pico_standard_link/binary_info.c.obj
 .rodata.crlf_str.0
                0x1000a4e0        0x2 CMakeFiles/blink.dir/C_/Users/Utente/RPiPicoW/pico-sdk/src/rp2_common/pico_stdio/stdio.c.obj
 *fill*         0x1000a4e2        0x2 
 .rodata.str1.4
                0x1000a4e4       0x2c CMakeFiles/blink.dir/C_/Users/Utente/RPiPicoW/pico-sdk/src/rp2_common/pico_stdio_uart/stdio_uart.c.obj
 .rodata.__bi_28.4
                0x1000a510        0xc CMakeFiles/blink.dir/C_/Users/Utente/RPiPicoW/pico-sdk/src/rp2_common/pico_stdio_uart/stdio_uart.c.obj
 .rodata.__bi_29.5
                0x1000a51c        0x8 CMakeFiles/blink.dir/C_/Users/Utente/RPiPicoW/pico-sdk/src/rp2_common/pico_stdio_uart/stdio_uart.c.obj
 .rodata.pio_claim_unused_sm.str1.4
                0x1000a524       0x24 CMakeFiles/blink.dir/C_/Users/Utente/RPiPicoW/pico-sdk/src/rp2_common/hardware_pio/pio.c.obj
 .rodata.pio_add_program.str1.4
                0x1000a548       0x11 CMakeFiles/blink.dir/C_/Users/Utente/RPiPicoW/pico-sdk/src/rp2_common/hardware_pio/pio.c.obj
 *fill*         0x1000a559        0x3 
 .rodata.dma_claim_unused_channel.str1.4
                0x1000a55c       0x1e CMakeFiles/blink.dir/C_/Users/Utente/RPiPicoW/pico-sdk/src/rp2_common/hardware_dma/dma.c.obj
 *fill*         0x1000a57a        0x2 
 .rodata.memp_PBUF
                0x1000a57c        0xc CMakeFiles/blink.dir/C_/Users/Utente/RPiPicoW/pico-sdk/lib/lwip/src/core/memp.c.obj
                0x1000a57c                memp_PBUF
 .rodata.memp_PBUF_POOL
                0x1000a588        0xc CMakeFiles/blink.dir/C_/Users/Utente/RPiPicoW/pico-sdk/lib/lwip/src/core/memp.c.obj
                0x1000a588                memp_PBUF_POOL
 .rodata.memp_RAW_PCB
                0x1000a594        0xc CMakeFiles/blink.dir/C_/Users/Utente/RPiPicoW/pico-sdk/lib/lwip/src/core/memp.c.obj
                0x1000a594                memp_RAW_PCB
 .rodata.memp_REASSDATA
                0x1000a5a0        0xc CMakeFiles/blink.dir/C_/Users/Utente/RPiPicoW/pico-sdk/lib/lwip/src/core/memp.c.obj
                0x1000a5a0                memp_REASSDATA
 .rodata.memp_SYS_TIMEOUT
                0x1000a5ac        0xc CMakeFiles/blink.dir/C_/Users/Utente/RPiPicoW/pico-sdk/lib/lwip/src/core/memp.c.obj
                0x1000a5ac                memp_SYS_TIMEOUT
 .rodata.memp_TCP_PCB
                0x1000a5b8        0xc CMakeFiles/blink.dir/C_/Users/Utente/RPiPicoW/pico-sdk/lib/lwip/src/core/memp.c.obj
                0x1000a5b8                memp_TCP_PCB
 .rodata.memp_TCP_PCB_LISTEN
                0x1000a5c4        0xc CMakeFiles/blink.dir/C_/Users/Utente/RPiPicoW/pico-sdk/lib/lwip/src/core/memp.c.obj
                0x1000a5c4                memp_TCP_PCB_LISTEN
 .rodata.memp_TCP_SEG
                0x1000a5d0        0xc CMakeFiles/blink.dir/C_/Users/Utente/RPiPicoW/pico-sdk/lib/lwip/src/core/memp.c.obj
                0x1000a5d0                memp_TCP_SEG
 .rodata.memp_UDP_PCB
                0x1000a5dc        0xc CMakeFiles/blink.dir/C_/Users/Utente/RPiPicoW/pico-sdk/lib/lwip/src/core/memp.c.obj
                0x1000a5dc                memp_UDP_PCB
 .rodata.memp_pools
                0x1000a5e8       0x24 CMakeFiles/blink.dir/C_/Users/Utente/RPiPicoW/pico-sdk/lib/lwip/src/core/memp.c.obj
                0x1000a5e8                memp_pools
 .rodata.ip_addr_any
                0x1000a60c        0x4 CMakeFiles/blink.dir/C_/Users/Utente/RPiPicoW/pico-sdk/lib/lwip/src/core/ipv4/ip4_addr.c.obj
                0x1000a60c                ip_addr_any
 .rodata.ip_addr_broadcast
                0x1000a610        0x4 CMakeFiles/blink.dir/C_/Users/Utente/RPiPicoW/pico-sdk/lib/lwip/src/core/ipv4/ip4_addr.c.obj
                0x1000a610                ip_addr_broadcast
 .rodata.ethbroadcast
                0x1000a614        0x6 CMakeFiles/blink.dir/C_/Users/Utente/RPiPicoW/pico-sdk/lib/lwip/src/netif/ethernet.c.obj
                0x1000a614                ethbroadcast
 *fill*         0x1000a61a        0x2 
 .rodata.ethzero
                0x1000a61c        0x6 CMakeFiles/blink.dir/C_/Users/Utente/RPiPicoW/pico-sdk/lib/lwip/src/netif/ethernet.c.obj
                0x1000a61c                ethzero
                0x1000a624                . = ALIGN (0x4)
 *fill*         0x1000a622        0x2 
 *(SORT_BY_ALIGNMENT(SORT_BY_NAME(.flashdata*)))
                0x1000a624                . = ALIGN (0x4)

.big_const      0x1000a624    0x36fd8
 .big_const     0x1000a624    0x36fd8 pico-sdk\src\rp2_common\cyw43_driver\cyw43_resource.o
                0x1000a624                fw_43439A0_7_95_49_00_start
                0x100415fc                fw_43439A0_7_95_49_00_end

.rel.dyn        0x100415fc        0x0
 .rel.iplt      0x100415fc        0x0 c:/progra~2/armgnu~1/1142da~1.3re/bin/../lib/gcc/arm-none-eabi/11.3.1/thumb/v6-m/nofp/crtbegin.o

.ARM.extab
 *(.ARM.extab* .gnu.linkonce.armextab.*)
                0x100415fc                __exidx_start = .

.ARM.exidx
 *(.ARM.exidx* .gnu.linkonce.armexidx.*)
                0x100415fc                __exidx_end = .
                0x100415fc                . = ALIGN (0x4)
                0x100415fc                __binary_info_start = .

.binary_info    0x100415fc       0x24
 *(.binary_info.keep.*)
 .binary_info.keep.__bi_ptr22
                0x100415fc        0x4 CMakeFiles/blink.dir/C_/Users/Utente/RPiPicoW/pico-sdk/src/rp2_common/pico_standard_link/binary_info.c.obj
 .binary_info.keep.__bi_ptr30
                0x10041600        0x4 CMakeFiles/blink.dir/C_/Users/Utente/RPiPicoW/pico-sdk/src/rp2_common/pico_standard_link/binary_info.c.obj
 .binary_info.keep.__bi_ptr38
                0x10041604        0x4 CMakeFiles/blink.dir/C_/Users/Utente/RPiPicoW/pico-sdk/src/rp2_common/pico_standard_link/binary_info.c.obj
 .binary_info.keep.__bi_ptr44
                0x10041608        0x4 CMakeFiles/blink.dir/C_/Users/Utente/RPiPicoW/pico-sdk/src/rp2_common/pico_standard_link/binary_info.c.obj
 .binary_info.keep.__bi_ptr50
                0x1004160c        0x4 CMakeFiles/blink.dir/C_/Users/Utente/RPiPicoW/pico-sdk/src/rp2_common/pico_standard_link/binary_info.c.obj
 .binary_info.keep.__bi_ptr75
                0x10041610        0x4 CMakeFiles/blink.dir/C_/Users/Utente/RPiPicoW/pico-sdk/src/rp2_common/pico_standard_link/binary_info.c.obj
 .binary_info.keep.__bi_ptr81
                0x10041614        0x4 CMakeFiles/blink.dir/C_/Users/Utente/RPiPicoW/pico-sdk/src/rp2_common/pico_standard_link/binary_info.c.obj
 *(.binary_info.*)
 .binary_info.__bi_ptr28
                0x10041618        0x4 CMakeFiles/blink.dir/C_/Users/Utente/RPiPicoW/pico-sdk/src/rp2_common/pico_stdio_uart/stdio_uart.c.obj
 .binary_info.__bi_ptr29
                0x1004161c        0x4 CMakeFiles/blink.dir/C_/Users/Utente/RPiPicoW/pico-sdk/src/rp2_common/pico_stdio_uart/stdio_uart.c.obj
                0x10041620                __binary_info_end = .
                0x10041620                . = ALIGN (0x4)
                0x10041620                __etext = .

.ram_vector_table
                0x20000000       0xc0
 *(.ram_vector_table)
 .ram_vector_table
                0x20000000       0xc0 CMakeFiles/blink.dir/C_/Users/Utente/RPiPicoW/pico-sdk/src/rp2_common/pico_runtime/runtime.c.obj
                0x20000000                ram_vector_table

.data           0x200000c0      0x3f8 load address 0x10041620
                0x200000c0                __data_start__ = .
 *(vtable)
 *(.time_critical*)
 .time_critical.flash_init_boot2_copyout
                0x200000c0       0x30 CMakeFiles/blink.dir/C_/Users/Utente/RPiPicoW/pico-sdk/src/rp2_common/hardware_flash/flash.c.obj
 .time_critical.flash_enable_xip_via_boot2
                0x200000f0       0x10 CMakeFiles/blink.dir/C_/Users/Utente/RPiPicoW/pico-sdk/src/rp2_common/hardware_flash/flash.c.obj
 .time_critical.flash_cs_force
                0x20000100       0x38 CMakeFiles/blink.dir/C_/Users/Utente/RPiPicoW/pico-sdk/src/rp2_common/hardware_flash/flash.c.obj
 .time_critical.flash_do_cmd
                0x20000138       0xc4 CMakeFiles/blink.dir/C_/Users/Utente/RPiPicoW/pico-sdk/src/rp2_common/hardware_flash/flash.c.obj
                0x20000138                flash_do_cmd
 .time_critical.sem_acquire_timeout_us
                0x200001fc       0x78 CMakeFiles/blink.dir/C_/Users/Utente/RPiPicoW/pico-sdk/src/common/pico_sync/sem.c.obj
                0x200001fc                sem_acquire_timeout_us
 .time_critical.mutex_enter_blocking
                0x20000274       0x48 CMakeFiles/blink.dir/C_/Users/Utente/RPiPicoW/pico-sdk/src/common/pico_sync/mutex.c.obj
                0x20000274                mutex_enter_blocking
 .time_critical.recursive_mutex_enter_blocking
                0x200002bc       0x54 CMakeFiles/blink.dir/C_/Users/Utente/RPiPicoW/pico-sdk/src/common/pico_sync/mutex.c.obj
                0x200002bc                recursive_mutex_enter_blocking
 .time_critical.mutex_try_enter
                0x20000310       0x44 CMakeFiles/blink.dir/C_/Users/Utente/RPiPicoW/pico-sdk/src/common/pico_sync/mutex.c.obj
                0x20000310                mutex_try_enter
 .time_critical.mutex_exit
                0x20000354       0x28 CMakeFiles/blink.dir/C_/Users/Utente/RPiPicoW/pico-sdk/src/common/pico_sync/mutex.c.obj
                0x20000354                mutex_exit
 .time_critical.recursive_mutex_exit
                0x2000037c       0x44 CMakeFiles/blink.dir/C_/Users/Utente/RPiPicoW/pico-sdk/src/common/pico_sync/mutex.c.obj
                0x2000037c                recursive_mutex_exit
 *(.text*)
 .text          0x200003c0        0x4 c:/progra~2/armgnu~1/1142da~1.3re/bin/../lib/gcc/arm-none-eabi/11.3.1/thumb/v6-m/nofp\libgcc.a(_dvmd_tls.o)
                0x200003c0                __aeabi_idiv0
                0x200003c0                __aeabi_ldiv0
 *fill*         0x200003c4        0x4 
 .text.__stub   0x200003c8       0x20 linker stubs
                0x200003e8                . = ALIGN (0x4)
 *(.rodata*)
                0x200003e8                . = ALIGN (0x4)
 *(.data*)
 .data.striped_spin_lock_num
                0x200003e8        0x1 CMakeFiles/blink.dir/C_/Users/Utente/RPiPicoW/pico-sdk/src/rp2_common/hardware_sync/sync.c.obj
 *fill*         0x200003e9        0x3 
 .data          0x200003ec       0x48 CMakeFiles/blink.dir/C_/Users/Utente/RPiPicoW/pico-sdk/src/rp2_common/hardware_irq/irq_handler_chain.S.obj
                0x200003ec                irq_handler_chain_slots
                0x2000041c                irq_handler_chain_first_slot
                0x20000426                irq_handler_chain_remove_tail
 .data.default_alarm_pool
                0x20000434       0x18 CMakeFiles/blink.dir/C_/Users/Utente/RPiPicoW/pico-sdk/src/common/pico_time/time.c.obj
 .data.default_alarm_pool_heap
                0x2000044c       0x10 CMakeFiles/blink.dir/C_/Users/Utente/RPiPicoW/pico-sdk/src/common/pico_time/time.c.obj
 *fill*         0x2000045c        0x4 
 .data.aeabi_bits_funcs
                0x20000460       0x10 CMakeFiles/blink.dir/C_/Users/Utente/RPiPicoW/pico-sdk/src/rp2_common/pico_bit_ops/bit_ops_aeabi.S.obj
                0x20000460                aeabi_bits_funcs
                0x20000470                aeabi_bits_funcs_end
 .data.aeabi_mem_funcs
                0x20000470       0x10 CMakeFiles/blink.dir/C_/Users/Utente/RPiPicoW/pico-sdk/src/rp2_common/pico_mem_ops/mem_ops_aeabi.S.obj
                0x20000470                aeabi_mem_funcs
                0x20000480                aeabi_mem_funcs_end
 .data.stdio_uart
                0x20000480       0x14 CMakeFiles/blink.dir/C_/Users/Utente/RPiPicoW/pico-sdk/src/rp2_common/pico_stdio_uart/stdio_uart.c.obj
                0x20000480                stdio_uart
 .data.udp_port
                0x20000494        0x2 CMakeFiles/blink.dir/C_/Users/Utente/RPiPicoW/pico-sdk/lib/lwip/src/core/udp.c.obj
                0x20000498                . = ALIGN (0x4)
 *fill*         0x20000496        0x2 
 *(.after_data.*)
                0x20000498                . = ALIGN (0x4)
                0x20000498                PROVIDE (__mutex_array_start = .)
 *(SORT_BY_NAME(.mutex_array.*))
 *(.mutex_array)
 .mutex_array   0x20000498        0x8 CMakeFiles/blink.dir/C_/Users/Utente/RPiPicoW/pico-sdk/src/rp2_common/pico_stdio/stdio.c.obj
                0x200004a0                PROVIDE (__mutex_array_end = .)
                0x200004a0                . = ALIGN (0x4)
                0x200004a0                PROVIDE (__preinit_array_start = .)
 *(SORT_BY_NAME(.preinit_array.*))
 .preinit_array.00001
                0x200004a0        0x4 CMakeFiles/blink.dir/C_/Users/Utente/RPiPicoW/pico-sdk/src/rp2_common/pico_mem_ops/mem_ops_aeabi.S.obj
 .preinit_array.00010
                0x200004a4        0x4 CMakeFiles/blink.dir/C_/Users/Utente/RPiPicoW/pico-sdk/src/rp2_common/pico_bit_ops/bit_ops_aeabi.S.obj
 .preinit_array.00020
                0x200004a8        0x4 CMakeFiles/blink.dir/C_/Users/Utente/RPiPicoW/pico-sdk/src/rp2_common/pico_double/double_aeabi.S.obj
 .preinit_array.00020
                0x200004ac        0x4 CMakeFiles/blink.dir/C_/Users/Utente/RPiPicoW/pico-sdk/src/rp2_common/pico_float/float_aeabi.S.obj
 *(.preinit_array)
                0x200004b0                PROVIDE (__preinit_array_end = .)
                0x200004b0                . = ALIGN (0x4)
                0x200004b0                PROVIDE (__init_array_start = .)
 *(SORT_BY_NAME(.init_array.*))
 *(.init_array)
 .init_array    0x200004b0        0x4 c:/progra~2/armgnu~1/1142da~1.3re/bin/../lib/gcc/arm-none-eabi/11.3.1/thumb/v6-m/nofp/crtbegin.o
 .init_array    0x200004b4        0x4 CMakeFiles/blink.dir/C_/Users/Utente/RPiPicoW/pico-sdk/src/rp2_common/pico_unique_id/unique_id.c.obj
                0x200004b8                PROVIDE (__init_array_end = .)
                0x200004b8                . = ALIGN (0x4)
                [!provide]                PROVIDE (__fini_array_start = .)
 *(SORT_BY_NAME(.fini_array.*))
 *(.fini_array)
                [!provide]                PROVIDE (__fini_array_end = .)
 *(.jcr)
                0x200004b8                . = ALIGN (0x4)
                0x200004b8                __data_end__ = .

.tm_clone_table
                0x200004b8        0x0 load address 0x10041a18
 .tm_clone_table
                0x200004b8        0x0 c:/progra~2/armgnu~1/1142da~1.3re/bin/../lib/gcc/arm-none-eabi/11.3.1/thumb/v6-m/nofp/crtbegin.o
 .tm_clone_table
                0x200004b8        0x0 c:/progra~2/armgnu~1/1142da~1.3re/bin/../lib/gcc/arm-none-eabi/11.3.1/thumb/v6-m/nofp/crtend.o

.igot.plt       0x200004b8        0x0 load address 0x10041a18
 .igot.plt      0x200004b8        0x0 c:/progra~2/armgnu~1/1142da~1.3re/bin/../lib/gcc/arm-none-eabi/11.3.1/thumb/v6-m/nofp/crtbegin.o

.uninitialized_data
                0x200004b8        0x0 load address 0x10041a18
                0x200004b8                . = ALIGN (0x4)
 *(.uninitialized_data*)

.scratch_x      0x20040000        0x0 load address 0x10041a18
                0x20040000                __scratch_x_start__ = .
 *(.scratch_x.*)
                0x20040000                . = ALIGN (0x4)
                0x20040000                __scratch_x_end__ = .
                0x10041a18                __scratch_x_source__ = LOADADDR (.scratch_x)

.scratch_y      0x20041000        0x0 load address 0x10041a18
                0x20041000                __scratch_y_start__ = .
 *(.scratch_y.*)
                0x20041000                . = ALIGN (0x4)
                0x20041000                __scratch_y_end__ = .
                0x10041a18                __scratch_y_source__ = LOADADDR (.scratch_y)

.bss            0x200004b8     0xa954
                0x200004b8                . = ALIGN (0x4)
                0x200004b8                __bss_start__ = .
 *(SORT_BY_ALIGNMENT(SORT_BY_NAME(.bss*)))
 .bss.default_alarm_pool_entries
                0x200004b8      0x100 CMakeFiles/blink.dir/C_/Users/Utente/RPiPicoW/pico-sdk/src/common/pico_time/time.c.obj
 .bss.sd_table  0x200005b8      0x100 CMakeFiles/blink.dir/C_/Users/Utente/RPiPicoW/pico-sdk/src/rp2_common/pico_double/double_init_rom.c.obj
                0x200005b8                sd_table
 .bss._used_instruction_space
                0x200006b8        0x8 CMakeFiles/blink.dir/C_/Users/Utente/RPiPicoW/pico-sdk/src/rp2_common/hardware_pio/pio.c.obj
 .bss.alarm_callbacks
                0x200006c0       0x10 CMakeFiles/blink.dir/C_/Users/Utente/RPiPicoW/pico-sdk/src/rp2_common/hardware_timer/timer.c.obj
 .bss.arp_table
                0x200006d0       0xf0 CMakeFiles/blink.dir/C_/Users/Utente/RPiPicoW/pico-sdk/lib/lwip/src/core/ipv4/etharp.c.obj
 .bss.boot2_copyout
                0x200007c0      0x100 CMakeFiles/blink.dir/C_/Users/Utente/RPiPicoW/pico-sdk/src/rp2_common/hardware_flash/flash.c.obj
 .bss.bus_data_instance
                0x200008c0        0xc CMakeFiles/blink.dir/C_/Users/Utente/RPiPicoW/pico-sdk/src/rp2_common/cyw43_driver/cyw43_bus_pio_spi.c.obj
 .bss.configured_freq
                0x200008cc       0x28 CMakeFiles/blink.dir/C_/Users/Utente/RPiPicoW/pico-sdk/src/rp2_common/hardware_clocks/clocks.c.obj
 .bss.cyw43_irq_sem
                0x200008f4        0x8 CMakeFiles/blink.dir/C_/Users/Utente/RPiPicoW/pico-sdk/src/rp2_common/pico_cyw43_arch/cyw43_arch_threadsafe_background.c.obj
                0x200008f4                cyw43_irq_sem
 .bss.cyw43_mutex
                0x200008fc        0x8 CMakeFiles/blink.dir/C_/Users/Utente/RPiPicoW/pico-sdk/src/rp2_common/pico_cyw43_arch/cyw43_arch_threadsafe_background.c.obj
 .bss.cyw43_poll
                0x20000904        0x4 CMakeFiles/blink.dir/C_/Users/Utente/RPiPicoW/pico-sdk/lib/cyw43-driver/src/cyw43_ctrl.c.obj
                0x20000904                cyw43_poll
 .bss.cyw43_sleep
                0x20000908        0x4 CMakeFiles/blink.dir/C_/Users/Utente/RPiPicoW/pico-sdk/lib/cyw43-driver/src/cyw43_ctrl.c.obj
                0x20000908                cyw43_sleep
 .bss.cyw43_state
                0x2000090c      0x990 CMakeFiles/blink.dir/C_/Users/Utente/RPiPicoW/pico-sdk/lib/cyw43-driver/src/cyw43_ctrl.c.obj
                0x2000090c                cyw43_state
 .bss.default_alarm_pool_entry_ids_high
                0x2000129c       0x10 CMakeFiles/blink.dir/C_/Users/Utente/RPiPicoW/pico-sdk/src/common/pico_time/time.c.obj
 .bss.default_alarm_pool_heap_nodes
                0x200012ac       0x30 CMakeFiles/blink.dir/C_/Users/Utente/RPiPicoW/pico-sdk/src/common/pico_time/time.c.obj
 .bss.dhcp_pcb  0x200012dc        0x4 CMakeFiles/blink.dir/C_/Users/Utente/RPiPicoW/pico-sdk/lib/lwip/src/core/ipv4/dhcp.c.obj
 .bss.drivers   0x200012e0        0x4 CMakeFiles/blink.dir/C_/Users/Utente/RPiPicoW/pico-sdk/src/rp2_common/pico_stdio/stdio.c.obj
 .bss.filter    0x200012e4        0x4 CMakeFiles/blink.dir/C_/Users/Utente/RPiPicoW/pico-sdk/src/rp2_common/pico_stdio/stdio.c.obj
 .bss.lazy_vsnprintf
                0x200012e8        0x4 CMakeFiles/blink.dir/C_/Users/Utente/RPiPicoW/pico-sdk/src/rp2_common/pico_printf/printf.c.obj
 .bss.lfree     0x200012ec        0x4 CMakeFiles/blink.dir/C_/Users/Utente/RPiPicoW/pico-sdk/lib/lwip/src/core/mem.c.obj
 .bss.low_priority_irq_dispatch_slots
                0x200012f0        0x8 CMakeFiles/blink.dir/C_/Users/Utente/RPiPicoW/pico-sdk/src/rp2_common/pico_cyw43_arch/cyw43_arch_threadsafe_background.c.obj
 .bss.lwip_stats
                0x200012f8       0x90 CMakeFiles/blink.dir/C_/Users/Utente/RPiPicoW/pico-sdk/lib/lwip/src/core/stats.c.obj
                0x200012f8                lwip_stats
 .bss.memp_memory_PBUF_POOL_base
                0x20001388     0x8fa3 CMakeFiles/blink.dir/C_/Users/Utente/RPiPicoW/pico-sdk/lib/lwip/src/core/memp.c.obj
                0x20001388                memp_memory_PBUF_POOL_base
 *fill*         0x2000a32b        0x1 
 .bss.memp_memory_PBUF_base
                0x2000a32c      0x103 CMakeFiles/blink.dir/C_/Users/Utente/RPiPicoW/pico-sdk/lib/lwip/src/core/memp.c.obj
                0x2000a32c                memp_memory_PBUF_base
 *fill*         0x2000a42f        0x1 
 .bss.memp_memory_RAW_PCB_base
                0x2000a430       0x73 CMakeFiles/blink.dir/C_/Users/Utente/RPiPicoW/pico-sdk/lib/lwip/src/core/memp.c.obj
                0x2000a430                memp_memory_RAW_PCB_base
 *fill*         0x2000a4a3        0x1 
 .bss.memp_memory_REASSDATA_base
                0x2000a4a4       0xa3 CMakeFiles/blink.dir/C_/Users/Utente/RPiPicoW/pico-sdk/lib/lwip/src/core/memp.c.obj
                0x2000a4a4                memp_memory_REASSDATA_base
 *fill*         0x2000a547        0x1 
 .bss.memp_memory_SYS_TIMEOUT_base
                0x2000a548       0x63 CMakeFiles/blink.dir/C_/Users/Utente/RPiPicoW/pico-sdk/lib/lwip/src/core/memp.c.obj
                0x2000a548                memp_memory_SYS_TIMEOUT_base
 *fill*         0x2000a5ab        0x1 
 .bss.memp_memory_TCP_PCB_LISTEN_base
                0x2000a5ac       0xe3 CMakeFiles/blink.dir/C_/Users/Utente/RPiPicoW/pico-sdk/lib/lwip/src/core/memp.c.obj
                0x2000a5ac                memp_memory_TCP_PCB_LISTEN_base
 *fill*         0x2000a68f        0x1 
 .bss.memp_memory_TCP_PCB_base
                0x2000a690      0x337 CMakeFiles/blink.dir/C_/Users/Utente/RPiPicoW/pico-sdk/lib/lwip/src/core/memp.c.obj
                0x2000a690                memp_memory_TCP_PCB_base
 *fill*         0x2000a9c7        0x1 
 .bss.memp_memory_TCP_SEG_base
                0x2000a9c8      0x203 CMakeFiles/blink.dir/C_/Users/Utente/RPiPicoW/pico-sdk/lib/lwip/src/core/memp.c.obj
                0x2000a9c8                memp_memory_TCP_SEG_base
 *fill*         0x2000abcb        0x1 
 .bss.memp_memory_UDP_PCB_base
                0x2000abcc       0x83 CMakeFiles/blink.dir/C_/Users/Utente/RPiPicoW/pico-sdk/lib/lwip/src/core/memp.c.obj
                0x2000abcc                memp_memory_UDP_PCB_base
 *fill*         0x2000ac4f        0x1 
 .bss.memp_tab_PBUF
                0x2000ac50        0x4 CMakeFiles/blink.dir/C_/Users/Utente/RPiPicoW/pico-sdk/lib/lwip/src/core/memp.c.obj
 .bss.memp_tab_PBUF_POOL
                0x2000ac54        0x4 CMakeFiles/blink.dir/C_/Users/Utente/RPiPicoW/pico-sdk/lib/lwip/src/core/memp.c.obj
 .bss.memp_tab_RAW_PCB
                0x2000ac58        0x4 CMakeFiles/blink.dir/C_/Users/Utente/RPiPicoW/pico-sdk/lib/lwip/src/core/memp.c.obj
 .bss.memp_tab_REASSDATA
                0x2000ac5c        0x4 CMakeFiles/blink.dir/C_/Users/Utente/RPiPicoW/pico-sdk/lib/lwip/src/core/memp.c.obj
 .bss.memp_tab_SYS_TIMEOUT
                0x2000ac60        0x4 CMakeFiles/blink.dir/C_/Users/Utente/RPiPicoW/pico-sdk/lib/lwip/src/core/memp.c.obj
 .bss.memp_tab_TCP_PCB
                0x2000ac64        0x4 CMakeFiles/blink.dir/C_/Users/Utente/RPiPicoW/pico-sdk/lib/lwip/src/core/memp.c.obj
 .bss.memp_tab_TCP_PCB_LISTEN
                0x2000ac68        0x4 CMakeFiles/blink.dir/C_/Users/Utente/RPiPicoW/pico-sdk/lib/lwip/src/core/memp.c.obj
 .bss.memp_tab_TCP_SEG
                0x2000ac6c        0x4 CMakeFiles/blink.dir/C_/Users/Utente/RPiPicoW/pico-sdk/lib/lwip/src/core/memp.c.obj
 .bss.memp_tab_UDP_PCB
                0x2000ac70        0x4 CMakeFiles/blink.dir/C_/Users/Utente/RPiPicoW/pico-sdk/lib/lwip/src/core/memp.c.obj
 .bss.netif_default
                0x2000ac74        0x4 CMakeFiles/blink.dir/C_/Users/Utente/RPiPicoW/pico-sdk/lib/lwip/src/core/netif.c.obj
                0x2000ac74                netif_default
 .bss.netif_list
                0x2000ac78        0x4 CMakeFiles/blink.dir/C_/Users/Utente/RPiPicoW/pico-sdk/lib/lwip/src/core/netif.c.obj
                0x2000ac78                netif_list
 .bss.object.0  0x2000ac7c       0x18 c:/progra~2/armgnu~1/1142da~1.3re/bin/../lib/gcc/arm-none-eabi/11.3.1/thumb/v6-m/nofp/crtbegin.o
 .bss.pools     0x2000ac94       0x10 CMakeFiles/blink.dir/C_/Users/Utente/RPiPicoW/pico-sdk/src/common/pico_time/time.c.obj
 .bss.ram       0x2000aca4        0x4 CMakeFiles/blink.dir/C_/Users/Utente/RPiPicoW/pico-sdk/lib/lwip/src/core/mem.c.obj
 .bss.ram_end   0x2000aca8        0x4 CMakeFiles/blink.dir/C_/Users/Utente/RPiPicoW/pico-sdk/lib/lwip/src/core/mem.c.obj
 .bss.raw_pcbs  0x2000acac        0x4 CMakeFiles/blink.dir/C_/Users/Utente/RPiPicoW/pico-sdk/lib/lwip/src/core/raw.c.obj
 .bss.retrieved_id
                0x2000acb0        0x8 CMakeFiles/blink.dir/C_/Users/Utente/RPiPicoW/pico-sdk/src/rp2_common/pico_unique_id/unique_id.c.obj
 .bss.sf_clz_func
                0x2000acb8        0x4 CMakeFiles/blink.dir/C_/Users/Utente/RPiPicoW/pico-sdk/src/rp2_common/pico_double/double_init_rom.c.obj
                0x2000acb8                sf_clz_func
 .bss.sf_table  0x2000acbc      0x100 CMakeFiles/blink.dir/C_/Users/Utente/RPiPicoW/pico-sdk/src/rp2_common/pico_float/float_init_rom.c.obj
                0x2000acbc                sf_table
 .bss.sleep_notifier
                0x2000adbc        0x4 CMakeFiles/blink.dir/C_/Users/Utente/RPiPicoW/pico-sdk/src/common/pico_time/time.c.obj
 .bss.target_hi
                0x2000adc0       0x10 CMakeFiles/blink.dir/C_/Users/Utente/RPiPicoW/pico-sdk/src/rp2_common/hardware_timer/timer.c.obj
 .bss.tcp_active_pcbs
                0x2000add0        0x4 CMakeFiles/blink.dir/C_/Users/Utente/RPiPicoW/pico-sdk/lib/lwip/src/core/tcp.c.obj
                0x2000add0                tcp_active_pcbs
 .bss.tcp_bound_pcbs
                0x2000add4        0x4 CMakeFiles/blink.dir/C_/Users/Utente/RPiPicoW/pico-sdk/lib/lwip/src/core/tcp.c.obj
                0x2000add4                tcp_bound_pcbs
 .bss.tcp_input_pcb
                0x2000add8        0x4 CMakeFiles/blink.dir/C_/Users/Utente/RPiPicoW/pico-sdk/lib/lwip/src/core/tcp_in.c.obj
                0x2000add8                tcp_input_pcb
 .bss.tcp_listen_pcbs
                0x2000addc        0x4 CMakeFiles/blink.dir/C_/Users/Utente/RPiPicoW/pico-sdk/lib/lwip/src/core/tcp.c.obj
                0x2000addc                tcp_listen_pcbs
 .bss.tcp_ticks
                0x2000ade0        0x4 CMakeFiles/blink.dir/C_/Users/Utente/RPiPicoW/pico-sdk/lib/lwip/src/core/tcp.c.obj
                0x2000ade0                tcp_ticks
 .bss.tcp_tw_pcbs
                0x2000ade4        0x4 CMakeFiles/blink.dir/C_/Users/Utente/RPiPicoW/pico-sdk/lib/lwip/src/core/tcp.c.obj
                0x2000ade4                tcp_tw_pcbs
 .bss.uart_char_to_line_feed
                0x2000ade8        0x4 CMakeFiles/blink.dir/C_/Users/Utente/RPiPicoW/pico-sdk/src/rp2_common/hardware_uart/uart.c.obj
                0x2000ade8                uart_char_to_line_feed
 .bss.uart_instance
                0x2000adec        0x4 CMakeFiles/blink.dir/C_/Users/Utente/RPiPicoW/pico-sdk/src/rp2_common/pico_stdio_uart/stdio_uart.c.obj
 .bss.udp_pcbs  0x2000adf0        0x4 CMakeFiles/blink.dir/C_/Users/Utente/RPiPicoW/pico-sdk/lib/lwip/src/core/udp.c.obj
                0x2000adf0                udp_pcbs
 .bss.xid.0     0x2000adf4        0x4 CMakeFiles/blink.dir/C_/Users/Utente/RPiPicoW/pico-sdk/lib/lwip/src/core/ipv4/dhcp.c.obj
 .bss._claimed  0x2000adf8        0x2 CMakeFiles/blink.dir/C_/Users/Utente/RPiPicoW/pico-sdk/src/rp2_common/hardware_dma/dma.c.obj
 .bss.ip_id     0x2000adfa        0x2 CMakeFiles/blink.dir/C_/Users/Utente/RPiPicoW/pico-sdk/lib/lwip/src/core/ipv4/ip4.c.obj
 .bss.last_spi_int.0
                0x2000adfc        0x2 CMakeFiles/blink.dir/C_/Users/Utente/RPiPicoW/pico-sdk/lib/cyw43-driver/src/cyw43_ll.c.obj
 .bss.boot2_copyout_valid
                0x2000adfe        0x1 CMakeFiles/blink.dir/C_/Users/Utente/RPiPicoW/pico-sdk/src/rp2_common/hardware_flash/flash.c.obj
 .bss.byte.0    0x2000adff        0x1 CMakeFiles/blink.dir/C_/Users/Utente/RPiPicoW/pico-sdk/src/rp2_common/pico_lwip/random.c.obj
 .bss.claimed   0x2000ae00        0x1 CMakeFiles/blink.dir/C_/Users/Utente/RPiPicoW/pico-sdk/src/rp2_common/hardware_timer/timer.c.obj
 .bss.claimed   0x2000ae01        0x1 CMakeFiles/blink.dir/C_/Users/Utente/RPiPicoW/pico-sdk/src/rp2_common/hardware_pio/pio.c.obj
 .bss.cyw43_core_num
                0x2000ae02        0x1 CMakeFiles/blink.dir/C_/Users/Utente/RPiPicoW/pico-sdk/src/rp2_common/pico_cyw43_arch/cyw43_arch_threadsafe_background.c.obj
 .bss.dhcp_pcb_refcount
                0x2000ae03        0x1 CMakeFiles/blink.dir/C_/Users/Utente/RPiPicoW/pico-sdk/lib/lwip/src/core/ipv4/dhcp.c.obj
 .bss.irq_hander_chain_free_slot_head
                0x2000ae04        0x1 CMakeFiles/blink.dir/C_/Users/Utente/RPiPicoW/pico-sdk/src/rp2_common/hardware_irq/irq.c.obj
 .bss.low_priority_irq_num
                0x2000ae05        0x1 CMakeFiles/blink.dir/C_/Users/Utente/RPiPicoW/pico-sdk/src/rp2_common/pico_cyw43_arch/cyw43_arch_threadsafe_background.c.obj
 .bss.pbuf_free_ooseq_pending
                0x2000ae06        0x1 CMakeFiles/blink.dir/C_/Users/Utente/RPiPicoW/pico-sdk/lib/lwip/src/core/pbuf.c.obj
                0x2000ae06                pbuf_free_ooseq_pending
 .bss.tcp_active_pcbs_changed
                0x2000ae07        0x1 CMakeFiles/blink.dir/C_/Users/Utente/RPiPicoW/pico-sdk/lib/lwip/src/core/tcp.c.obj
                0x2000ae07                tcp_active_pcbs_changed
 .bss.timer_callbacks_pending
                0x2000ae08        0x1 CMakeFiles/blink.dir/C_/Users/Utente/RPiPicoW/pico-sdk/src/rp2_common/hardware_timer/timer.c.obj
 *(COMMON)
                0x2000ae0c                . = ALIGN (0x4)
 *fill*         0x2000ae09        0x3 
                0x2000ae0c                __bss_end__ = .

.heap           0x2000ae0c      0x800
                0x2000ae0c                __end__ = .
                0x2000ae0c                end = __end__
 *(.heap*)
 .heap          0x2000ae0c      0x800 CMakeFiles/blink.dir/C_/Users/Utente/RPiPicoW/pico-sdk/src/rp2_common/pico_standard_link/crt0.S.obj
                0x2000b60c                __HeapLimit = .

.stack1_dummy   0x20040000        0x0
 *(.stack1*)

.stack_dummy    0x20041000      0x800
 *(.stack*)
 .stack         0x20041000      0x800 CMakeFiles/blink.dir/C_/Users/Utente/RPiPicoW/pico-sdk/src/rp2_common/pico_standard_link/crt0.S.obj

.flash_end      0x10041a18        0x0
                0x10041a18                __flash_binary_end = .
                0x20040000                __StackLimit = (ORIGIN (RAM) + LENGTH (RAM))
                0x20041000                __StackOneTop = (ORIGIN (SCRATCH_X) + LENGTH (SCRATCH_X))
                0x20042000                __StackTop = (ORIGIN (SCRATCH_Y) + LENGTH (SCRATCH_Y))
                0x20041000                __StackOneBottom = (__StackOneTop - SIZEOF (.stack1_dummy))
                0x20041800                __StackBottom = (__StackTop - SIZEOF (.stack_dummy))
                0x20042000                PROVIDE (__stack = __StackTop)
                0x00000001                ASSERT ((__StackLimit >= __HeapLimit), region RAM overflowed)
                0x00000001                ASSERT (((__binary_info_header_end - __logical_binary_start) <= 0x100), Binary info must be in first 256 bytes of the binary)
LOAD CMakeFiles/blink.dir/blink.c.obj
LOAD CMakeFiles/blink.dir/C_/Users/Utente/RPiPicoW/pico-sdk/src/rp2_common/pico_cyw43_arch/cyw43_arch.c.obj
LOAD CMakeFiles/blink.dir/C_/Users/Utente/RPiPicoW/pico-sdk/src/rp2_common/pico_cyw43_arch/cyw43_arch_poll.c.obj
LOAD CMakeFiles/blink.dir/C_/Users/Utente/RPiPicoW/pico-sdk/src/rp2_common/pico_cyw43_arch/cyw43_arch_threadsafe_background.c.obj
LOAD CMakeFiles/blink.dir/C_/Users/Utente/RPiPicoW/pico-sdk/src/rp2_common/pico_cyw43_arch/cyw43_arch_freertos.c.obj
LOAD CMakeFiles/blink.dir/C_/Users/Utente/RPiPicoW/pico-sdk/src/rp2_common/pico_unique_id/unique_id.c.obj
LOAD CMakeFiles/blink.dir/C_/Users/Utente/RPiPicoW/pico-sdk/src/rp2_common/hardware_flash/flash.c.obj
LOAD CMakeFiles/blink.dir/C_/Users/Utente/RPiPicoW/pico-sdk/src/rp2_common/hardware_claim/claim.c.obj
LOAD CMakeFiles/blink.dir/C_/Users/Utente/RPiPicoW/pico-sdk/src/rp2_common/pico_platform/platform.c.obj
LOAD CMakeFiles/blink.dir/C_/Users/Utente/RPiPicoW/pico-sdk/src/rp2_common/hardware_sync/sync.c.obj
LOAD CMakeFiles/blink.dir/C_/Users/Utente/RPiPicoW/pico-sdk/src/rp2_common/pico_bootrom/bootrom.c.obj
LOAD CMakeFiles/blink.dir/C_/Users/Utente/RPiPicoW/pico-sdk/src/rp2_common/cyw43_driver/cyw43_bus_pio_spi.c.obj
LOAD CMakeFiles/blink.dir/C_/Users/Utente/RPiPicoW/pico-sdk/lib/cyw43-driver/src/cyw43_ll.c.obj
LOAD CMakeFiles/blink.dir/C_/Users/Utente/RPiPicoW/pico-sdk/lib/cyw43-driver/src/cyw43_stats.c.obj
LOAD CMakeFiles/blink.dir/C_/Users/Utente/RPiPicoW/pico-sdk/lib/cyw43-driver/src/cyw43_lwip.c.obj
LOAD CMakeFiles/blink.dir/C_/Users/Utente/RPiPicoW/pico-sdk/lib/cyw43-driver/src/cyw43_ctrl.c.obj
LOAD CMakeFiles/blink.dir/C_/Users/Utente/RPiPicoW/pico-sdk/src/rp2_common/pico_stdlib/stdlib.c.obj
LOAD CMakeFiles/blink.dir/C_/Users/Utente/RPiPicoW/pico-sdk/src/rp2_common/hardware_gpio/gpio.c.obj
LOAD CMakeFiles/blink.dir/C_/Users/Utente/RPiPicoW/pico-sdk/src/rp2_common/hardware_irq/irq.c.obj
LOAD CMakeFiles/blink.dir/C_/Users/Utente/RPiPicoW/pico-sdk/src/rp2_common/hardware_irq/irq_handler_chain.S.obj
LOAD CMakeFiles/blink.dir/C_/Users/Utente/RPiPicoW/pico-sdk/src/common/pico_sync/sem.c.obj
LOAD CMakeFiles/blink.dir/C_/Users/Utente/RPiPicoW/pico-sdk/src/common/pico_sync/lock_core.c.obj
LOAD CMakeFiles/blink.dir/C_/Users/Utente/RPiPicoW/pico-sdk/src/common/pico_time/time.c.obj
LOAD CMakeFiles/blink.dir/C_/Users/Utente/RPiPicoW/pico-sdk/src/common/pico_time/timeout_helper.c.obj
LOAD CMakeFiles/blink.dir/C_/Users/Utente/RPiPicoW/pico-sdk/src/rp2_common/hardware_timer/timer.c.obj